[0.058s] DEBUG:colcon:Command line arguments: ['/usr/bin/colcon', 'build', '--base-paths', 'src', '--symlink-install', '--cmake-args', '-DPython3_EXECUTABLE=/usr/bin/python3']
[0.058s] DEBUG:colcon:Parsed command line arguments: Namespace(log_base=None, log_level=None, verb_name='build', build_base='build', install_base='install', merge_install=False, symlink_install=True, test_result_base=None, continue_on_error=False, executor='parallel', parallel_workers=24, event_handlers=None, ignore_user_meta=False, metas=['./colcon.meta'], base_paths=['src'], packages_ignore=None, packages_ignore_regex=None, paths=None, packages_up_to=None, packages_up_to_regex=None, packages_above=None, packages_above_and_dependencies=None, packages_above_depth=None, packages_select_by_dep=None, packages_skip_by_dep=None, packages_skip_up_to=None, packages_select_build_failed=False, packages_skip_build_finished=False, packages_select_test_failures=False, packages_skip_test_passed=False, packages_select=None, packages_skip=None, packages_select_regex=None, packages_skip_regex=None, packages_start=None, packages_end=None, allow_overriding=[], cmake_args=['-DPython3_EXECUTABLE=/usr/bin/python3'], cmake_target=None, cmake_target_skip_unavailable=False, cmake_clean_cache=False, cmake_clean_first=False, cmake_force_configure=False, ament_cmake_args=None, catkin_cmake_args=None, catkin_skip_building_tests=False, mixin_files=None, mixin=None, verb_parser=<colcon_mixin.mixin.mixin_argument.MixinArgumentDecorator object at 0x785c44d84d10>, verb_extension=<colcon_core.verb.build.BuildVerb object at 0x785c44d845c0>, main=<bound method BuildVerb.main of <colcon_core.verb.build.BuildVerb object at 0x785c44d845c0>>, mixin_verb=('build',))
[0.078s] Level 1:colcon.colcon_core.package_discovery:discover_packages(colcon_meta) check parameters
[0.078s] Level 1:colcon.colcon_core.package_discovery:discover_packages(recursive) check parameters
[0.078s] Level 1:colcon.colcon_core.package_discovery:discover_packages(ignore) check parameters
[0.078s] Level 1:colcon.colcon_core.package_discovery:discover_packages(path) check parameters
[0.078s] Level 1:colcon.colcon_core.package_discovery:discover_packages(recursive) discover
[0.078s] INFO:colcon.colcon_core.package_discovery:Crawling recursively for packages in '/home/dawntildusk/lbot_ws/src'
[0.078s] Level 1:colcon.colcon_core.package_identification:_identify(src) by extensions ['ignore', 'ignore_ament_install']
[0.078s] Level 1:colcon.colcon_core.package_identification:_identify(src) by extension 'ignore'
[0.078s] Level 1:colcon.colcon_core.package_identification:_identify(src) by extension 'ignore_ament_install'
[0.078s] Level 1:colcon.colcon_core.package_identification:_identify(src) by extensions ['colcon_pkg']
[0.078s] Level 1:colcon.colcon_core.package_identification:_identify(src) by extension 'colcon_pkg'
[0.078s] Level 1:colcon.colcon_core.package_identification:_identify(src) by extensions ['colcon_meta']
[0.078s] Level 1:colcon.colcon_core.package_identification:_identify(src) by extension 'colcon_meta'
[0.079s] Level 1:colcon.colcon_core.package_identification:_identify(src) by extensions ['ros']
[0.079s] Level 1:colcon.colcon_core.package_identification:_identify(src) by extension 'ros'
[0.093s] Level 1:colcon.colcon_core.package_identification:_identify(src) by extensions ['cmake', 'python']
[0.093s] Level 1:colcon.colcon_core.package_identification:_identify(src) by extension 'cmake'
[0.093s] Level 1:colcon.colcon_core.package_identification:_identify(src) by extension 'python'
[0.093s] Level 1:colcon.colcon_core.package_identification:_identify(src) by extensions ['python_setup_py']
[0.093s] Level 1:colcon.colcon_core.package_identification:_identify(src) by extension 'python_setup_py'
[0.093s] Level 1:colcon.colcon_core.package_identification:_identify(src/lbot_arm_interfaces) by extensions ['ignore', 'ignore_ament_install']
[0.093s] Level 1:colcon.colcon_core.package_identification:_identify(src/lbot_arm_interfaces) by extension 'ignore'
[0.093s] Level 1:colcon.colcon_core.package_identification:_identify(src/lbot_arm_interfaces) by extension 'ignore_ament_install'
[0.093s] Level 1:colcon.colcon_core.package_identification:_identify(src/lbot_arm_interfaces) by extensions ['colcon_pkg']
[0.093s] Level 1:colcon.colcon_core.package_identification:_identify(src/lbot_arm_interfaces) by extension 'colcon_pkg'
[0.093s] Level 1:colcon.colcon_core.package_identification:_identify(src/lbot_arm_interfaces) by extensions ['colcon_meta']
[0.093s] Level 1:colcon.colcon_core.package_identification:_identify(src/lbot_arm_interfaces) by extension 'colcon_meta'
[0.093s] Level 1:colcon.colcon_core.package_identification:_identify(src/lbot_arm_interfaces) by extensions ['ros']
[0.093s] Level 1:colcon.colcon_core.package_identification:_identify(src/lbot_arm_interfaces) by extension 'ros'
[0.095s] DEBUG:colcon.colcon_core.package_identification:Package 'src/lbot_arm_interfaces' with type 'ros.ament_cmake' and name 'lbot_arm_interfaces'
[0.095s] Level 1:colcon.colcon_core.package_identification:_identify(src/lbot_demo) by extensions ['ignore', 'ignore_ament_install']
[0.095s] Level 1:colcon.colcon_core.package_identification:_identify(src/lbot_demo) by extension 'ignore'
[0.095s] Level 1:colcon.colcon_core.package_identification:_identify(src/lbot_demo) by extension 'ignore_ament_install'
[0.095s] Level 1:colcon.colcon_core.package_identification:_identify(src/lbot_demo) by extensions ['colcon_pkg']
[0.095s] Level 1:colcon.colcon_core.package_identification:_identify(src/lbot_demo) by extension 'colcon_pkg'
[0.095s] Level 1:colcon.colcon_core.package_identification:_identify(src/lbot_demo) by extensions ['colcon_meta']
[0.095s] Level 1:colcon.colcon_core.package_identification:_identify(src/lbot_demo) by extension 'colcon_meta'
[0.095s] Level 1:colcon.colcon_core.package_identification:_identify(src/lbot_demo) by extensions ['ros']
[0.095s] Level 1:colcon.colcon_core.package_identification:_identify(src/lbot_demo) by extension 'ros'
[0.095s] DEBUG:colcon.colcon_core.package_identification:Package 'src/lbot_demo' with type 'ros.ament_cmake' and name 'lbot_demo'
[0.095s] Level 1:colcon.colcon_core.package_identification:_identify(src/lbot_driver) by extensions ['ignore', 'ignore_ament_install']
[0.095s] Level 1:colcon.colcon_core.package_identification:_identify(src/lbot_driver) by extension 'ignore'
[0.095s] Level 1:colcon.colcon_core.package_identification:_identify(src/lbot_driver) by extension 'ignore_ament_install'
[0.095s] Level 1:colcon.colcon_core.package_identification:_identify(src/lbot_driver) by extensions ['colcon_pkg']
[0.095s] Level 1:colcon.colcon_core.package_identification:_identify(src/lbot_driver) by extension 'colcon_pkg'
[0.095s] Level 1:colcon.colcon_core.package_identification:_identify(src/lbot_driver) by extensions ['colcon_meta']
[0.095s] Level 1:colcon.colcon_core.package_identification:_identify(src/lbot_driver) by extension 'colcon_meta'
[0.095s] Level 1:colcon.colcon_core.package_identification:_identify(src/lbot_driver) by extensions ['ros']
[0.096s] Level 1:colcon.colcon_core.package_identification:_identify(src/lbot_driver) by extension 'ros'
[0.096s] DEBUG:colcon.colcon_core.package_identification:Package 'src/lbot_driver' with type 'ros.ament_cmake' and name 'lbot_driver'
[0.096s] Level 1:colcon.colcon_core.package_identification:_identify(src/lbot_teleop) by extensions ['ignore', 'ignore_ament_install']
[0.096s] Level 1:colcon.colcon_core.package_identification:_identify(src/lbot_teleop) by extension 'ignore'
[0.096s] Level 1:colcon.colcon_core.package_identification:_identify(src/lbot_teleop) by extension 'ignore_ament_install'
[0.096s] Level 1:colcon.colcon_core.package_identification:_identify(src/lbot_teleop) by extensions ['colcon_pkg']
[0.096s] Level 1:colcon.colcon_core.package_identification:_identify(src/lbot_teleop) by extension 'colcon_pkg'
[0.096s] Level 1:colcon.colcon_core.package_identification:_identify(src/lbot_teleop) by extensions ['colcon_meta']
[0.096s] Level 1:colcon.colcon_core.package_identification:_identify(src/lbot_teleop) by extension 'colcon_meta'
[0.096s] Level 1:colcon.colcon_core.package_identification:_identify(src/lbot_teleop) by extensions ['ros']
[0.096s] Level 1:colcon.colcon_core.package_identification:_identify(src/lbot_teleop) by extension 'ros'
[0.096s] DEBUG:colcon.colcon_core.package_identification:Package 'src/lbot_teleop' with type 'ros.ament_cmake' and name 'lbot_teleop'
[0.096s] Level 1:colcon.colcon_core.package_discovery:discover_packages(recursive) using defaults
[0.106s] Level 1:colcon.colcon_core.package_discovery:discover_packages(prefix_path) check parameters
[0.106s] Level 1:colcon.colcon_core.package_discovery:discover_packages(prefix_path) discover
[0.108s] DEBUG:colcon.colcon_installed_package_information.package_discovery:Found 287 installed packages in /opt/ros/jazzy
[0.109s] Level 1:colcon.colcon_core.package_discovery:discover_packages(prefix_path) using defaults
[0.126s] Level 5:colcon.colcon_core.verb:set package 'lbot_arm_interfaces' build argument 'cmake_args' from command line to '['-DPython3_EXECUTABLE=/usr/bin/python3']'
[0.126s] Level 5:colcon.colcon_core.verb:set package 'lbot_arm_interfaces' build argument 'cmake_target' from command line to 'None'
[0.126s] Level 5:colcon.colcon_core.verb:set package 'lbot_arm_interfaces' build argument 'cmake_target_skip_unavailable' from command line to 'False'
[0.126s] Level 5:colcon.colcon_core.verb:set package 'lbot_arm_interfaces' build argument 'cmake_clean_cache' from command line to 'False'
[0.126s] Level 5:colcon.colcon_core.verb:set package 'lbot_arm_interfaces' build argument 'cmake_clean_first' from command line to 'False'
[0.126s] Level 5:colcon.colcon_core.verb:set package 'lbot_arm_interfaces' build argument 'cmake_force_configure' from command line to 'False'
[0.126s] Level 5:colcon.colcon_core.verb:set package 'lbot_arm_interfaces' build argument 'ament_cmake_args' from command line to 'None'
[0.126s] Level 5:colcon.colcon_core.verb:set package 'lbot_arm_interfaces' build argument 'catkin_cmake_args' from command line to 'None'
[0.126s] Level 5:colcon.colcon_core.verb:set package 'lbot_arm_interfaces' build argument 'catkin_skip_building_tests' from command line to 'False'
[0.126s] DEBUG:colcon.colcon_core.verb:Building package 'lbot_arm_interfaces' with the following arguments: {'ament_cmake_args': None, 'build_base': '/home/dawntildusk/lbot_ws/build/lbot_arm_interfaces', 'catkin_cmake_args': None, 'catkin_skip_building_tests': False, 'cmake_args': ['-DPython3_EXECUTABLE=/usr/bin/python3'], 'cmake_clean_cache': False, 'cmake_clean_first': False, 'cmake_force_configure': False, 'cmake_target': None, 'cmake_target_skip_unavailable': False, 'install_base': '/home/dawntildusk/lbot_ws/install/lbot_arm_interfaces', 'merge_install': False, 'path': '/home/dawntildusk/lbot_ws/src/lbot_arm_interfaces', 'symlink_install': True, 'test_result_base': None}
[0.126s] Level 5:colcon.colcon_core.verb:set package 'lbot_demo' build argument 'cmake_args' from command line to '['-DPython3_EXECUTABLE=/usr/bin/python3']'
[0.126s] Level 5:colcon.colcon_core.verb:set package 'lbot_demo' build argument 'cmake_target' from command line to 'None'
[0.126s] Level 5:colcon.colcon_core.verb:set package 'lbot_demo' build argument 'cmake_target_skip_unavailable' from command line to 'False'
[0.126s] Level 5:colcon.colcon_core.verb:set package 'lbot_demo' build argument 'cmake_clean_cache' from command line to 'False'
[0.126s] Level 5:colcon.colcon_core.verb:set package 'lbot_demo' build argument 'cmake_clean_first' from command line to 'False'
[0.126s] Level 5:colcon.colcon_core.verb:set package 'lbot_demo' build argument 'cmake_force_configure' from command line to 'False'
[0.126s] Level 5:colcon.colcon_core.verb:set package 'lbot_demo' build argument 'ament_cmake_args' from command line to 'None'
[0.126s] Level 5:colcon.colcon_core.verb:set package 'lbot_demo' build argument 'catkin_cmake_args' from command line to 'None'
[0.126s] Level 5:colcon.colcon_core.verb:set package 'lbot_demo' build argument 'catkin_skip_building_tests' from command line to 'False'
[0.126s] DEBUG:colcon.colcon_core.verb:Building package 'lbot_demo' with the following arguments: {'ament_cmake_args': None, 'build_base': '/home/dawntildusk/lbot_ws/build/lbot_demo', 'catkin_cmake_args': None, 'catkin_skip_building_tests': False, 'cmake_args': ['-DPython3_EXECUTABLE=/usr/bin/python3'], 'cmake_clean_cache': False, 'cmake_clean_first': False, 'cmake_force_configure': False, 'cmake_target': None, 'cmake_target_skip_unavailable': False, 'install_base': '/home/dawntildusk/lbot_ws/install/lbot_demo', 'merge_install': False, 'path': '/home/dawntildusk/lbot_ws/src/lbot_demo', 'symlink_install': True, 'test_result_base': None}
[0.127s] Level 5:colcon.colcon_core.verb:set package 'lbot_driver' build argument 'cmake_args' from command line to '['-DPython3_EXECUTABLE=/usr/bin/python3']'
[0.127s] Level 5:colcon.colcon_core.verb:set package 'lbot_driver' build argument 'cmake_target' from command line to 'None'
[0.127s] Level 5:colcon.colcon_core.verb:set package 'lbot_driver' build argument 'cmake_target_skip_unavailable' from command line to 'False'
[0.127s] Level 5:colcon.colcon_core.verb:set package 'lbot_driver' build argument 'cmake_clean_cache' from command line to 'False'
[0.127s] Level 5:colcon.colcon_core.verb:set package 'lbot_driver' build argument 'cmake_clean_first' from command line to 'False'
[0.127s] Level 5:colcon.colcon_core.verb:set package 'lbot_driver' build argument 'cmake_force_configure' from command line to 'False'
[0.127s] Level 5:colcon.colcon_core.verb:set package 'lbot_driver' build argument 'ament_cmake_args' from command line to 'None'
[0.127s] Level 5:colcon.colcon_core.verb:set package 'lbot_driver' build argument 'catkin_cmake_args' from command line to 'None'
[0.127s] Level 5:colcon.colcon_core.verb:set package 'lbot_driver' build argument 'catkin_skip_building_tests' from command line to 'False'
[0.127s] DEBUG:colcon.colcon_core.verb:Building package 'lbot_driver' with the following arguments: {'ament_cmake_args': None, 'build_base': '/home/dawntildusk/lbot_ws/build/lbot_driver', 'catkin_cmake_args': None, 'catkin_skip_building_tests': False, 'cmake_args': ['-DPython3_EXECUTABLE=/usr/bin/python3'], 'cmake_clean_cache': False, 'cmake_clean_first': False, 'cmake_force_configure': False, 'cmake_target': None, 'cmake_target_skip_unavailable': False, 'install_base': '/home/dawntildusk/lbot_ws/install/lbot_driver', 'merge_install': False, 'path': '/home/dawntildusk/lbot_ws/src/lbot_driver', 'symlink_install': True, 'test_result_base': None}
[0.127s] Level 5:colcon.colcon_core.verb:set package 'lbot_teleop' build argument 'cmake_args' from command line to '['-DPython3_EXECUTABLE=/usr/bin/python3']'
[0.127s] Level 5:colcon.colcon_core.verb:set package 'lbot_teleop' build argument 'cmake_target' from command line to 'None'
[0.127s] Level 5:colcon.colcon_core.verb:set package 'lbot_teleop' build argument 'cmake_target_skip_unavailable' from command line to 'False'
[0.127s] Level 5:colcon.colcon_core.verb:set package 'lbot_teleop' build argument 'cmake_clean_cache' from command line to 'False'
[0.127s] Level 5:colcon.colcon_core.verb:set package 'lbot_teleop' build argument 'cmake_clean_first' from command line to 'False'
[0.127s] Level 5:colcon.colcon_core.verb:set package 'lbot_teleop' build argument 'cmake_force_configure' from command line to 'False'
[0.127s] Level 5:colcon.colcon_core.verb:set package 'lbot_teleop' build argument 'ament_cmake_args' from command line to 'None'
[0.127s] Level 5:colcon.colcon_core.verb:set package 'lbot_teleop' build argument 'catkin_cmake_args' from command line to 'None'
[0.127s] Level 5:colcon.colcon_core.verb:set package 'lbot_teleop' build argument 'catkin_skip_building_tests' from command line to 'False'
[0.127s] DEBUG:colcon.colcon_core.verb:Building package 'lbot_teleop' with the following arguments: {'ament_cmake_args': None, 'build_base': '/home/dawntildusk/lbot_ws/build/lbot_teleop', 'catkin_cmake_args': None, 'catkin_skip_building_tests': False, 'cmake_args': ['-DPython3_EXECUTABLE=/usr/bin/python3'], 'cmake_clean_cache': False, 'cmake_clean_first': False, 'cmake_force_configure': False, 'cmake_target': None, 'cmake_target_skip_unavailable': False, 'install_base': '/home/dawntildusk/lbot_ws/install/lbot_teleop', 'merge_install': False, 'path': '/home/dawntildusk/lbot_ws/src/lbot_teleop', 'symlink_install': True, 'test_result_base': None}
[0.127s] INFO:colcon.colcon_core.executor:Executing jobs using 'parallel' executor
[0.128s] DEBUG:colcon.colcon_parallel_executor.executor.parallel:run_until_complete
[0.128s] INFO:colcon.colcon_ros.task.ament_cmake.build:Building ROS package in '/home/dawntildusk/lbot_ws/src/lbot_arm_interfaces' with build type 'ament_cmake'
[0.128s] INFO:colcon.colcon_cmake.task.cmake.build:Building CMake package in '/home/dawntildusk/lbot_ws/src/lbot_arm_interfaces'
[0.129s] INFO:colcon.colcon_core.plugin_system:Skipping extension 'colcon_core.shell.bat': Not used on non-Windows systems
[0.129s] INFO:colcon.colcon_core.shell:Skip shell extension 'powershell' for command environment: Not usable outside of PowerShell
[0.129s] DEBUG:colcon.colcon_core.shell:Skip shell extension 'dsv' for command environment
[0.133s] DEBUG:colcon.colcon_core.event_handler.log_command:Invoking command in '/home/dawntildusk/lbot_ws/build/lbot_arm_interfaces': CMAKE_PREFIX_PATH=${CMAKE_PREFIX_PATH}:/opt/ros/jazzy DEBUGINFOD_URLS=https://debuginfod.ubuntu.com /usr/bin/cmake /home/dawntildusk/lbot_ws/src/lbot_arm_interfaces -DPython3_EXECUTABLE=/usr/bin/python3 -DAMENT_CMAKE_SYMLINK_INSTALL=1 -DCMAKE_INSTALL_PREFIX=/home/dawntildusk/lbot_ws/install/lbot_arm_interfaces
[2.856s] DEBUG:colcon.colcon_core.event_handler.log_command:Invoked command in '/home/dawntildusk/lbot_ws/build/lbot_arm_interfaces' returned '0': CMAKE_PREFIX_PATH=${CMAKE_PREFIX_PATH}:/opt/ros/jazzy DEBUGINFOD_URLS=https://debuginfod.ubuntu.com /usr/bin/cmake /home/dawntildusk/lbot_ws/src/lbot_arm_interfaces -DPython3_EXECUTABLE=/usr/bin/python3 -DAMENT_CMAKE_SYMLINK_INSTALL=1 -DCMAKE_INSTALL_PREFIX=/home/dawntildusk/lbot_ws/install/lbot_arm_interfaces
[2.856s] DEBUG:colcon.colcon_core.event_handler.log_command:Invoking command in '/home/dawntildusk/lbot_ws/build/lbot_arm_interfaces': CMAKE_PREFIX_PATH=${CMAKE_PREFIX_PATH}:/opt/ros/jazzy DEBUGINFOD_URLS=https://debuginfod.ubuntu.com /usr/bin/cmake --build /home/dawntildusk/lbot_ws/build/lbot_arm_interfaces -- -j24 -l24
[8.701s] DEBUG:colcon.colcon_core.event_handler.log_command:Invoked command in '/home/dawntildusk/lbot_ws/build/lbot_arm_interfaces' returned '0': CMAKE_PREFIX_PATH=${CMAKE_PREFIX_PATH}:/opt/ros/jazzy DEBUGINFOD_URLS=https://debuginfod.ubuntu.com /usr/bin/cmake --build /home/dawntildusk/lbot_ws/build/lbot_arm_interfaces -- -j24 -l24
[8.709s] DEBUG:colcon.colcon_core.event_handler.log_command:Invoking command in '/home/dawntildusk/lbot_ws/build/lbot_arm_interfaces': CMAKE_PREFIX_PATH=${CMAKE_PREFIX_PATH}:/opt/ros/jazzy DEBUGINFOD_URLS=https://debuginfod.ubuntu.com /usr/bin/cmake --install /home/dawntildusk/lbot_ws/build/lbot_arm_interfaces
[11.753s] Level 1:colcon.colcon_core.environment:create_environment_scripts_only(lbot_arm_interfaces)
[11.753s] DEBUG:colcon.colcon_core.event_handler.log_command:Invoked command in '/home/dawntildusk/lbot_ws/build/lbot_arm_interfaces' returned '0': CMAKE_PREFIX_PATH=${CMAKE_PREFIX_PATH}:/opt/ros/jazzy DEBUGINFOD_URLS=https://debuginfod.ubuntu.com /usr/bin/cmake --install /home/dawntildusk/lbot_ws/build/lbot_arm_interfaces
[11.754s] Level 1:colcon.colcon_core.environment:checking '/home/dawntildusk/lbot_ws/install/lbot_arm_interfaces' for CMake module files
[11.754s] Level 1:colcon.colcon_core.environment:checking '/home/dawntildusk/lbot_ws/install/lbot_arm_interfaces' for CMake config files
[11.756s] Level 1:colcon.colcon_core.shell:create_environment_hook('lbot_arm_interfaces', 'cmake_prefix_path')
[11.756s] INFO:colcon.colcon_core.shell:Creating environment hook '/home/dawntildusk/lbot_ws/install/lbot_arm_interfaces/share/lbot_arm_interfaces/hook/cmake_prefix_path.ps1'
[11.756s] INFO:colcon.colcon_core.shell:Creating environment descriptor '/home/dawntildusk/lbot_ws/install/lbot_arm_interfaces/share/lbot_arm_interfaces/hook/cmake_prefix_path.dsv'
[11.756s] INFO:colcon.colcon_core.shell:Creating environment hook '/home/dawntildusk/lbot_ws/install/lbot_arm_interfaces/share/lbot_arm_interfaces/hook/cmake_prefix_path.sh'
[11.757s] Level 1:colcon.colcon_core.environment:checking '/home/dawntildusk/lbot_ws/install/lbot_arm_interfaces/lib'
[11.757s] Level 1:colcon.colcon_core.shell:create_environment_hook('lbot_arm_interfaces', 'ld_library_path_lib')
[11.757s] INFO:colcon.colcon_core.shell:Creating environment hook '/home/dawntildusk/lbot_ws/install/lbot_arm_interfaces/share/lbot_arm_interfaces/hook/ld_library_path_lib.ps1'
[11.757s] INFO:colcon.colcon_core.shell:Creating environment descriptor '/home/dawntildusk/lbot_ws/install/lbot_arm_interfaces/share/lbot_arm_interfaces/hook/ld_library_path_lib.dsv'
[11.757s] INFO:colcon.colcon_core.shell:Creating environment hook '/home/dawntildusk/lbot_ws/install/lbot_arm_interfaces/share/lbot_arm_interfaces/hook/ld_library_path_lib.sh'
[11.757s] Level 1:colcon.colcon_core.environment:checking '/home/dawntildusk/lbot_ws/install/lbot_arm_interfaces/bin'
[11.757s] Level 1:colcon.colcon_core.environment:checking '/home/dawntildusk/lbot_ws/install/lbot_arm_interfaces/lib/pkgconfig/lbot_arm_interfaces.pc'
[11.758s] Level 1:colcon.colcon_core.environment:checking '/home/dawntildusk/lbot_ws/install/lbot_arm_interfaces/lib/python3.12/site-packages'
[11.758s] Level 1:colcon.colcon_core.shell:create_environment_hook('lbot_arm_interfaces', 'pythonpath')
[11.758s] INFO:colcon.colcon_core.shell:Creating environment hook '/home/dawntildusk/lbot_ws/install/lbot_arm_interfaces/share/lbot_arm_interfaces/hook/pythonpath.ps1'
[11.758s] INFO:colcon.colcon_core.shell:Creating environment descriptor '/home/dawntildusk/lbot_ws/install/lbot_arm_interfaces/share/lbot_arm_interfaces/hook/pythonpath.dsv'
[11.758s] INFO:colcon.colcon_core.shell:Creating environment hook '/home/dawntildusk/lbot_ws/install/lbot_arm_interfaces/share/lbot_arm_interfaces/hook/pythonpath.sh'
[11.758s] Level 1:colcon.colcon_core.environment:checking '/home/dawntildusk/lbot_ws/install/lbot_arm_interfaces/bin'
[11.758s] INFO:colcon.colcon_core.shell:Creating package script '/home/dawntildusk/lbot_ws/install/lbot_arm_interfaces/share/lbot_arm_interfaces/package.ps1'
[11.759s] INFO:colcon.colcon_core.shell:Creating package descriptor '/home/dawntildusk/lbot_ws/install/lbot_arm_interfaces/share/lbot_arm_interfaces/package.dsv'
[11.759s] INFO:colcon.colcon_core.shell:Creating package script '/home/dawntildusk/lbot_ws/install/lbot_arm_interfaces/share/lbot_arm_interfaces/package.sh'
[11.759s] INFO:colcon.colcon_core.shell:Creating package script '/home/dawntildusk/lbot_ws/install/lbot_arm_interfaces/share/lbot_arm_interfaces/package.bash'
[11.760s] INFO:colcon.colcon_core.shell:Creating package script '/home/dawntildusk/lbot_ws/install/lbot_arm_interfaces/share/lbot_arm_interfaces/package.zsh'
[11.760s] Level 1:colcon.colcon_core.environment:create_file_with_runtime_dependencies(/home/dawntildusk/lbot_ws/install/lbot_arm_interfaces/share/colcon-core/packages/lbot_arm_interfaces)
[11.760s] Level 1:colcon.colcon_core.environment:create_environment_scripts_only(lbot_arm_interfaces)
[11.760s] Level 1:colcon.colcon_core.environment:checking '/home/dawntildusk/lbot_ws/install/lbot_arm_interfaces' for CMake module files
[11.760s] Level 1:colcon.colcon_core.environment:checking '/home/dawntildusk/lbot_ws/install/lbot_arm_interfaces' for CMake config files
[11.762s] Level 1:colcon.colcon_core.shell:create_environment_hook('lbot_arm_interfaces', 'cmake_prefix_path')
[11.762s] INFO:colcon.colcon_core.shell:Creating environment hook '/home/dawntildusk/lbot_ws/install/lbot_arm_interfaces/share/lbot_arm_interfaces/hook/cmake_prefix_path.ps1'
[11.762s] INFO:colcon.colcon_core.shell:Creating environment descriptor '/home/dawntildusk/lbot_ws/install/lbot_arm_interfaces/share/lbot_arm_interfaces/hook/cmake_prefix_path.dsv'
[11.762s] INFO:colcon.colcon_core.shell:Creating environment hook '/home/dawntildusk/lbot_ws/install/lbot_arm_interfaces/share/lbot_arm_interfaces/hook/cmake_prefix_path.sh'
[11.762s] Level 1:colcon.colcon_core.environment:checking '/home/dawntildusk/lbot_ws/install/lbot_arm_interfaces/lib'
[11.762s] Level 1:colcon.colcon_core.shell:create_environment_hook('lbot_arm_interfaces', 'ld_library_path_lib')
[11.763s] INFO:colcon.colcon_core.shell:Creating environment hook '/home/dawntildusk/lbot_ws/install/lbot_arm_interfaces/share/lbot_arm_interfaces/hook/ld_library_path_lib.ps1'
[11.763s] INFO:colcon.colcon_core.shell:Creating environment descriptor '/home/dawntildusk/lbot_ws/install/lbot_arm_interfaces/share/lbot_arm_interfaces/hook/ld_library_path_lib.dsv'
[11.763s] INFO:colcon.colcon_core.shell:Creating environment hook '/home/dawntildusk/lbot_ws/install/lbot_arm_interfaces/share/lbot_arm_interfaces/hook/ld_library_path_lib.sh'
[11.763s] Level 1:colcon.colcon_core.environment:checking '/home/dawntildusk/lbot_ws/install/lbot_arm_interfaces/bin'
[11.763s] Level 1:colcon.colcon_core.environment:checking '/home/dawntildusk/lbot_ws/install/lbot_arm_interfaces/lib/pkgconfig/lbot_arm_interfaces.pc'
[11.763s] Level 1:colcon.colcon_core.environment:checking '/home/dawntildusk/lbot_ws/install/lbot_arm_interfaces/lib/python3.12/site-packages'
[11.763s] Level 1:colcon.colcon_core.shell:create_environment_hook('lbot_arm_interfaces', 'pythonpath')
[11.763s] INFO:colcon.colcon_core.shell:Creating environment hook '/home/dawntildusk/lbot_ws/install/lbot_arm_interfaces/share/lbot_arm_interfaces/hook/pythonpath.ps1'
[11.763s] INFO:colcon.colcon_core.shell:Creating environment descriptor '/home/dawntildusk/lbot_ws/install/lbot_arm_interfaces/share/lbot_arm_interfaces/hook/pythonpath.dsv'
[11.763s] INFO:colcon.colcon_core.shell:Creating environment hook '/home/dawntildusk/lbot_ws/install/lbot_arm_interfaces/share/lbot_arm_interfaces/hook/pythonpath.sh'
[11.764s] Level 1:colcon.colcon_core.environment:checking '/home/dawntildusk/lbot_ws/install/lbot_arm_interfaces/bin'
[11.764s] INFO:colcon.colcon_core.shell:Creating package script '/home/dawntildusk/lbot_ws/install/lbot_arm_interfaces/share/lbot_arm_interfaces/package.ps1'
[11.764s] INFO:colcon.colcon_core.shell:Creating package descriptor '/home/dawntildusk/lbot_ws/install/lbot_arm_interfaces/share/lbot_arm_interfaces/package.dsv'
[11.764s] INFO:colcon.colcon_core.shell:Creating package script '/home/dawntildusk/lbot_ws/install/lbot_arm_interfaces/share/lbot_arm_interfaces/package.sh'
[11.765s] INFO:colcon.colcon_core.shell:Creating package script '/home/dawntildusk/lbot_ws/install/lbot_arm_interfaces/share/lbot_arm_interfaces/package.bash'
[11.765s] INFO:colcon.colcon_core.shell:Creating package script '/home/dawntildusk/lbot_ws/install/lbot_arm_interfaces/share/lbot_arm_interfaces/package.zsh'
[11.765s] Level 1:colcon.colcon_core.environment:create_file_with_runtime_dependencies(/home/dawntildusk/lbot_ws/install/lbot_arm_interfaces/share/colcon-core/packages/lbot_arm_interfaces)
[11.765s] INFO:colcon.colcon_ros.task.ament_cmake.build:Building ROS package in '/home/dawntildusk/lbot_ws/src/lbot_demo' with build type 'ament_cmake'
[11.765s] INFO:colcon.colcon_cmake.task.cmake.build:Building CMake package in '/home/dawntildusk/lbot_ws/src/lbot_demo'
[11.765s] INFO:colcon.colcon_core.shell:Skip shell extension 'powershell' for command environment: Not usable outside of PowerShell
[11.765s] DEBUG:colcon.colcon_core.shell:Skip shell extension 'dsv' for command environment
[11.767s] INFO:colcon.colcon_ros.task.ament_cmake.build:Building ROS package in '/home/dawntildusk/lbot_ws/src/lbot_driver' with build type 'ament_cmake'
[11.767s] INFO:colcon.colcon_cmake.task.cmake.build:Building CMake package in '/home/dawntildusk/lbot_ws/src/lbot_driver'
[11.767s] INFO:colcon.colcon_core.shell:Skip shell extension 'powershell' for command environment: Not usable outside of PowerShell
[11.767s] DEBUG:colcon.colcon_core.shell:Skip shell extension 'dsv' for command environment
[11.769s] INFO:colcon.colcon_ros.task.ament_cmake.build:Building ROS package in '/home/dawntildusk/lbot_ws/src/lbot_teleop' with build type 'ament_cmake'
[11.769s] INFO:colcon.colcon_cmake.task.cmake.build:Building CMake package in '/home/dawntildusk/lbot_ws/src/lbot_teleop'
[11.769s] INFO:colcon.colcon_core.shell:Skip shell extension 'powershell' for command environment: Not usable outside of PowerShell
[11.769s] DEBUG:colcon.colcon_core.shell:Skip shell extension 'dsv' for command environment
[11.771s] DEBUG:colcon.colcon_core.event_handler.log_command:Invoking command in '/home/dawntildusk/lbot_ws/build/lbot_demo': AMENT_PREFIX_PATH=/home/dawntildusk/lbot_ws/install/lbot_arm_interfaces:${AMENT_PREFIX_PATH} CMAKE_PREFIX_PATH=/home/dawntildusk/lbot_ws/install/lbot_arm_interfaces:/opt/ros/jazzy/opt/gz_math_vendor:/opt/ros/jazzy/opt/gz_utils_vendor:/opt/ros/jazzy/opt/gz_cmake_vendor:/opt/ros/jazzy DEBUGINFOD_URLS=https://debuginfod.ubuntu.com LD_LIBRARY_PATH=/home/dawntildusk/lbot_ws/install/lbot_arm_interfaces/lib:${LD_LIBRARY_PATH} PYTHONPATH=/home/dawntildusk/lbot_ws/install/lbot_arm_interfaces/lib/python3.12/site-packages:${PYTHONPATH} /usr/bin/cmake /home/dawntildusk/lbot_ws/src/lbot_demo -DPython3_EXECUTABLE=/usr/bin/python3 -DAMENT_CMAKE_SYMLINK_INSTALL=1 -DCMAKE_INSTALL_PREFIX=/home/dawntildusk/lbot_ws/install/lbot_demo
[11.773s] DEBUG:colcon.colcon_core.event_handler.log_command:Invoking command in '/home/dawntildusk/lbot_ws/build/lbot_driver': AMENT_PREFIX_PATH=/home/dawntildusk/lbot_ws/install/lbot_arm_interfaces:${AMENT_PREFIX_PATH} CMAKE_PREFIX_PATH=/home/dawntildusk/lbot_ws/install/lbot_arm_interfaces:/opt/ros/jazzy/opt/gz_math_vendor:/opt/ros/jazzy/opt/gz_utils_vendor:/opt/ros/jazzy/opt/gz_cmake_vendor:/opt/ros/jazzy DEBUGINFOD_URLS=https://debuginfod.ubuntu.com LD_LIBRARY_PATH=/home/dawntildusk/lbot_ws/install/lbot_arm_interfaces/lib:${LD_LIBRARY_PATH} PYTHONPATH=/home/dawntildusk/lbot_ws/install/lbot_arm_interfaces/lib/python3.12/site-packages:${PYTHONPATH} /usr/bin/cmake /home/dawntildusk/lbot_ws/src/lbot_driver -DPython3_EXECUTABLE=/usr/bin/python3 -DAMENT_CMAKE_SYMLINK_INSTALL=1 -DCMAKE_INSTALL_PREFIX=/home/dawntildusk/lbot_ws/install/lbot_driver
[11.775s] DEBUG:colcon.colcon_core.event_handler.log_command:Invoking command in '/home/dawntildusk/lbot_ws/build/lbot_teleop': AMENT_PREFIX_PATH=/home/dawntildusk/lbot_ws/install/lbot_arm_interfaces:${AMENT_PREFIX_PATH} CMAKE_PREFIX_PATH=/home/dawntildusk/lbot_ws/install/lbot_arm_interfaces:/opt/ros/jazzy/opt/gz_math_vendor:/opt/ros/jazzy/opt/gz_utils_vendor:/opt/ros/jazzy/opt/gz_cmake_vendor:/opt/ros/jazzy DEBUGINFOD_URLS=https://debuginfod.ubuntu.com LD_LIBRARY_PATH=/home/dawntildusk/lbot_ws/install/lbot_arm_interfaces/lib:${LD_LIBRARY_PATH} PYTHONPATH=/home/dawntildusk/lbot_ws/install/lbot_arm_interfaces/lib/python3.12/site-packages:${PYTHONPATH} /usr/bin/cmake /home/dawntildusk/lbot_ws/src/lbot_teleop -DPython3_EXECUTABLE=/usr/bin/python3 -DAMENT_CMAKE_SYMLINK_INSTALL=1 -DCMAKE_INSTALL_PREFIX=/home/dawntildusk/lbot_ws/install/lbot_teleop
[12.582s] DEBUG:colcon.colcon_core.event_handler.log_command:Invoked command in '/home/dawntildusk/lbot_ws/build/lbot_driver' returned '0': AMENT_PREFIX_PATH=/home/dawntildusk/lbot_ws/install/lbot_arm_interfaces:${AMENT_PREFIX_PATH} CMAKE_PREFIX_PATH=/home/dawntildusk/lbot_ws/install/lbot_arm_interfaces:/opt/ros/jazzy/opt/gz_math_vendor:/opt/ros/jazzy/opt/gz_utils_vendor:/opt/ros/jazzy/opt/gz_cmake_vendor:/opt/ros/jazzy DEBUGINFOD_URLS=https://debuginfod.ubuntu.com LD_LIBRARY_PATH=/home/dawntildusk/lbot_ws/install/lbot_arm_interfaces/lib:${LD_LIBRARY_PATH} PYTHONPATH=/home/dawntildusk/lbot_ws/install/lbot_arm_interfaces/lib/python3.12/site-packages:${PYTHONPATH} /usr/bin/cmake /home/dawntildusk/lbot_ws/src/lbot_driver -DPython3_EXECUTABLE=/usr/bin/python3 -DAMENT_CMAKE_SYMLINK_INSTALL=1 -DCMAKE_INSTALL_PREFIX=/home/dawntildusk/lbot_ws/install/lbot_driver
[12.583s] DEBUG:colcon.colcon_core.event_handler.log_command:Invoking command in '/home/dawntildusk/lbot_ws/build/lbot_driver': AMENT_PREFIX_PATH=/home/dawntildusk/lbot_ws/install/lbot_arm_interfaces:${AMENT_PREFIX_PATH} CMAKE_PREFIX_PATH=/home/dawntildusk/lbot_ws/install/lbot_arm_interfaces:/opt/ros/jazzy/opt/gz_math_vendor:/opt/ros/jazzy/opt/gz_utils_vendor:/opt/ros/jazzy/opt/gz_cmake_vendor:/opt/ros/jazzy DEBUGINFOD_URLS=https://debuginfod.ubuntu.com LD_LIBRARY_PATH=/home/dawntildusk/lbot_ws/install/lbot_arm_interfaces/lib:${LD_LIBRARY_PATH} PYTHONPATH=/home/dawntildusk/lbot_ws/install/lbot_arm_interfaces/lib/python3.12/site-packages:${PYTHONPATH} /usr/bin/cmake --build /home/dawntildusk/lbot_ws/build/lbot_driver -- -j24 -l24
[12.598s] DEBUG:colcon.colcon_core.event_handler.log_command:Invoked command in '/home/dawntildusk/lbot_ws/build/lbot_teleop' returned '0': AMENT_PREFIX_PATH=/home/dawntildusk/lbot_ws/install/lbot_arm_interfaces:${AMENT_PREFIX_PATH} CMAKE_PREFIX_PATH=/home/dawntildusk/lbot_ws/install/lbot_arm_interfaces:/opt/ros/jazzy/opt/gz_math_vendor:/opt/ros/jazzy/opt/gz_utils_vendor:/opt/ros/jazzy/opt/gz_cmake_vendor:/opt/ros/jazzy DEBUGINFOD_URLS=https://debuginfod.ubuntu.com LD_LIBRARY_PATH=/home/dawntildusk/lbot_ws/install/lbot_arm_interfaces/lib:${LD_LIBRARY_PATH} PYTHONPATH=/home/dawntildusk/lbot_ws/install/lbot_arm_interfaces/lib/python3.12/site-packages:${PYTHONPATH} /usr/bin/cmake /home/dawntildusk/lbot_ws/src/lbot_teleop -DPython3_EXECUTABLE=/usr/bin/python3 -DAMENT_CMAKE_SYMLINK_INSTALL=1 -DCMAKE_INSTALL_PREFIX=/home/dawntildusk/lbot_ws/install/lbot_teleop
[12.598s] DEBUG:colcon.colcon_core.event_handler.log_command:Invoking command in '/home/dawntildusk/lbot_ws/build/lbot_teleop': AMENT_PREFIX_PATH=/home/dawntildusk/lbot_ws/install/lbot_arm_interfaces:${AMENT_PREFIX_PATH} CMAKE_PREFIX_PATH=/home/dawntildusk/lbot_ws/install/lbot_arm_interfaces:/opt/ros/jazzy/opt/gz_math_vendor:/opt/ros/jazzy/opt/gz_utils_vendor:/opt/ros/jazzy/opt/gz_cmake_vendor:/opt/ros/jazzy DEBUGINFOD_URLS=https://debuginfod.ubuntu.com LD_LIBRARY_PATH=/home/dawntildusk/lbot_ws/install/lbot_arm_interfaces/lib:${LD_LIBRARY_PATH} PYTHONPATH=/home/dawntildusk/lbot_ws/install/lbot_arm_interfaces/lib/python3.12/site-packages:${PYTHONPATH} /usr/bin/cmake --build /home/dawntildusk/lbot_ws/build/lbot_teleop -- -j24 -l24
[12.644s] DEBUG:colcon.colcon_core.event_handler.log_command:Invoked command in '/home/dawntildusk/lbot_ws/build/lbot_demo' returned '0': AMENT_PREFIX_PATH=/home/dawntildusk/lbot_ws/install/lbot_arm_interfaces:${AMENT_PREFIX_PATH} CMAKE_PREFIX_PATH=/home/dawntildusk/lbot_ws/install/lbot_arm_interfaces:/opt/ros/jazzy/opt/gz_math_vendor:/opt/ros/jazzy/opt/gz_utils_vendor:/opt/ros/jazzy/opt/gz_cmake_vendor:/opt/ros/jazzy DEBUGINFOD_URLS=https://debuginfod.ubuntu.com LD_LIBRARY_PATH=/home/dawntildusk/lbot_ws/install/lbot_arm_interfaces/lib:${LD_LIBRARY_PATH} PYTHONPATH=/home/dawntildusk/lbot_ws/install/lbot_arm_interfaces/lib/python3.12/site-packages:${PYTHONPATH} /usr/bin/cmake /home/dawntildusk/lbot_ws/src/lbot_demo -DPython3_EXECUTABLE=/usr/bin/python3 -DAMENT_CMAKE_SYMLINK_INSTALL=1 -DCMAKE_INSTALL_PREFIX=/home/dawntildusk/lbot_ws/install/lbot_demo
[12.645s] DEBUG:colcon.colcon_core.event_handler.log_command:Invoking command in '/home/dawntildusk/lbot_ws/build/lbot_demo': AMENT_PREFIX_PATH=/home/dawntildusk/lbot_ws/install/lbot_arm_interfaces:${AMENT_PREFIX_PATH} CMAKE_PREFIX_PATH=/home/dawntildusk/lbot_ws/install/lbot_arm_interfaces:/opt/ros/jazzy/opt/gz_math_vendor:/opt/ros/jazzy/opt/gz_utils_vendor:/opt/ros/jazzy/opt/gz_cmake_vendor:/opt/ros/jazzy DEBUGINFOD_URLS=https://debuginfod.ubuntu.com LD_LIBRARY_PATH=/home/dawntildusk/lbot_ws/install/lbot_arm_interfaces/lib:${LD_LIBRARY_PATH} PYTHONPATH=/home/dawntildusk/lbot_ws/install/lbot_arm_interfaces/lib/python3.12/site-packages:${PYTHONPATH} /usr/bin/cmake --build /home/dawntildusk/lbot_ws/build/lbot_demo -- -j24 -l24
[17.716s] DEBUG:colcon.colcon_core.event_handler.log_command:Invoked command in '/home/dawntildusk/lbot_ws/build/lbot_teleop' returned '0': AMENT_PREFIX_PATH=/home/dawntildusk/lbot_ws/install/lbot_arm_interfaces:${AMENT_PREFIX_PATH} CMAKE_PREFIX_PATH=/home/dawntildusk/lbot_ws/install/lbot_arm_interfaces:/opt/ros/jazzy/opt/gz_math_vendor:/opt/ros/jazzy/opt/gz_utils_vendor:/opt/ros/jazzy/opt/gz_cmake_vendor:/opt/ros/jazzy DEBUGINFOD_URLS=https://debuginfod.ubuntu.com LD_LIBRARY_PATH=/home/dawntildusk/lbot_ws/install/lbot_arm_interfaces/lib:${LD_LIBRARY_PATH} PYTHONPATH=/home/dawntildusk/lbot_ws/install/lbot_arm_interfaces/lib/python3.12/site-packages:${PYTHONPATH} /usr/bin/cmake --build /home/dawntildusk/lbot_ws/build/lbot_teleop -- -j24 -l24
[17.717s] DEBUG:colcon.colcon_core.event_handler.log_command:Invoking command in '/home/dawntildusk/lbot_ws/build/lbot_teleop': AMENT_PREFIX_PATH=/home/dawntildusk/lbot_ws/install/lbot_arm_interfaces:${AMENT_PREFIX_PATH} CMAKE_PREFIX_PATH=/home/dawntildusk/lbot_ws/install/lbot_arm_interfaces:/opt/ros/jazzy/opt/gz_math_vendor:/opt/ros/jazzy/opt/gz_utils_vendor:/opt/ros/jazzy/opt/gz_cmake_vendor:/opt/ros/jazzy DEBUGINFOD_URLS=https://debuginfod.ubuntu.com LD_LIBRARY_PATH=/home/dawntildusk/lbot_ws/install/lbot_arm_interfaces/lib:${LD_LIBRARY_PATH} PYTHONPATH=/home/dawntildusk/lbot_ws/install/lbot_arm_interfaces/lib/python3.12/site-packages:${PYTHONPATH} /usr/bin/cmake --install /home/dawntildusk/lbot_ws/build/lbot_teleop
[17.826s] Level 1:colcon.colcon_core.environment:create_environment_scripts_only(lbot_teleop)
[17.827s] Level 1:colcon.colcon_core.environment:checking '/home/dawntildusk/lbot_ws/install/lbot_teleop' for CMake module files
[17.827s] DEBUG:colcon.colcon_core.event_handler.log_command:Invoked command in '/home/dawntildusk/lbot_ws/build/lbot_teleop' returned '0': AMENT_PREFIX_PATH=/home/dawntildusk/lbot_ws/install/lbot_arm_interfaces:${AMENT_PREFIX_PATH} CMAKE_PREFIX_PATH=/home/dawntildusk/lbot_ws/install/lbot_arm_interfaces:/opt/ros/jazzy/opt/gz_math_vendor:/opt/ros/jazzy/opt/gz_utils_vendor:/opt/ros/jazzy/opt/gz_cmake_vendor:/opt/ros/jazzy DEBUGINFOD_URLS=https://debuginfod.ubuntu.com LD_LIBRARY_PATH=/home/dawntildusk/lbot_ws/install/lbot_arm_interfaces/lib:${LD_LIBRARY_PATH} PYTHONPATH=/home/dawntildusk/lbot_ws/install/lbot_arm_interfaces/lib/python3.12/site-packages:${PYTHONPATH} /usr/bin/cmake --install /home/dawntildusk/lbot_ws/build/lbot_teleop
[17.827s] Level 1:colcon.colcon_core.environment:checking '/home/dawntildusk/lbot_ws/install/lbot_teleop' for CMake config files
[17.827s] Level 1:colcon.colcon_core.shell:create_environment_hook('lbot_teleop', 'cmake_prefix_path')
[17.828s] INFO:colcon.colcon_core.shell:Creating environment hook '/home/dawntildusk/lbot_ws/install/lbot_teleop/share/lbot_teleop/hook/cmake_prefix_path.ps1'
[17.828s] INFO:colcon.colcon_core.shell:Creating environment descriptor '/home/dawntildusk/lbot_ws/install/lbot_teleop/share/lbot_teleop/hook/cmake_prefix_path.dsv'
[17.828s] INFO:colcon.colcon_core.shell:Creating environment hook '/home/dawntildusk/lbot_ws/install/lbot_teleop/share/lbot_teleop/hook/cmake_prefix_path.sh'
[17.828s] Level 1:colcon.colcon_core.environment:checking '/home/dawntildusk/lbot_ws/install/lbot_teleop/lib'
[17.828s] Level 1:colcon.colcon_core.environment:checking '/home/dawntildusk/lbot_ws/install/lbot_teleop/bin'
[17.828s] Level 1:colcon.colcon_core.environment:checking '/home/dawntildusk/lbot_ws/install/lbot_teleop/lib/pkgconfig/lbot_teleop.pc'
[17.828s] Level 1:colcon.colcon_core.environment:checking '/home/dawntildusk/lbot_ws/install/lbot_teleop/lib/python3.12/site-packages'
[17.829s] Level 1:colcon.colcon_core.environment:checking '/home/dawntildusk/lbot_ws/install/lbot_teleop/bin'
[17.829s] INFO:colcon.colcon_core.shell:Creating package script '/home/dawntildusk/lbot_ws/install/lbot_teleop/share/lbot_teleop/package.ps1'
[17.829s] INFO:colcon.colcon_core.shell:Creating package descriptor '/home/dawntildusk/lbot_ws/install/lbot_teleop/share/lbot_teleop/package.dsv'
[17.829s] INFO:colcon.colcon_core.shell:Creating package script '/home/dawntildusk/lbot_ws/install/lbot_teleop/share/lbot_teleop/package.sh'
[17.829s] INFO:colcon.colcon_core.shell:Creating package script '/home/dawntildusk/lbot_ws/install/lbot_teleop/share/lbot_teleop/package.bash'
[17.829s] INFO:colcon.colcon_core.shell:Creating package script '/home/dawntildusk/lbot_ws/install/lbot_teleop/share/lbot_teleop/package.zsh'
[17.829s] Level 1:colcon.colcon_core.environment:create_file_with_runtime_dependencies(/home/dawntildusk/lbot_ws/install/lbot_teleop/share/colcon-core/packages/lbot_teleop)
[17.830s] Level 1:colcon.colcon_core.environment:create_environment_scripts_only(lbot_teleop)
[17.830s] Level 1:colcon.colcon_core.environment:checking '/home/dawntildusk/lbot_ws/install/lbot_teleop' for CMake module files
[17.830s] Level 1:colcon.colcon_core.environment:checking '/home/dawntildusk/lbot_ws/install/lbot_teleop' for CMake config files
[17.830s] Level 1:colcon.colcon_core.shell:create_environment_hook('lbot_teleop', 'cmake_prefix_path')
[17.830s] INFO:colcon.colcon_core.shell:Creating environment hook '/home/dawntildusk/lbot_ws/install/lbot_teleop/share/lbot_teleop/hook/cmake_prefix_path.ps1'
[17.830s] INFO:colcon.colcon_core.shell:Creating environment descriptor '/home/dawntildusk/lbot_ws/install/lbot_teleop/share/lbot_teleop/hook/cmake_prefix_path.dsv'
[17.830s] INFO:colcon.colcon_core.shell:Creating environment hook '/home/dawntildusk/lbot_ws/install/lbot_teleop/share/lbot_teleop/hook/cmake_prefix_path.sh'
[17.831s] Level 1:colcon.colcon_core.environment:checking '/home/dawntildusk/lbot_ws/install/lbot_teleop/lib'
[17.831s] Level 1:colcon.colcon_core.environment:checking '/home/dawntildusk/lbot_ws/install/lbot_teleop/bin'
[17.831s] Level 1:colcon.colcon_core.environment:checking '/home/dawntildusk/lbot_ws/install/lbot_teleop/lib/pkgconfig/lbot_teleop.pc'
[17.831s] Level 1:colcon.colcon_core.environment:checking '/home/dawntildusk/lbot_ws/install/lbot_teleop/lib/python3.12/site-packages'
[17.831s] Level 1:colcon.colcon_core.environment:checking '/home/dawntildusk/lbot_ws/install/lbot_teleop/bin'
[17.831s] INFO:colcon.colcon_core.shell:Creating package script '/home/dawntildusk/lbot_ws/install/lbot_teleop/share/lbot_teleop/package.ps1'
[17.831s] INFO:colcon.colcon_core.shell:Creating package descriptor '/home/dawntildusk/lbot_ws/install/lbot_teleop/share/lbot_teleop/package.dsv'
[17.832s] INFO:colcon.colcon_core.shell:Creating package script '/home/dawntildusk/lbot_ws/install/lbot_teleop/share/lbot_teleop/package.sh'
[17.832s] INFO:colcon.colcon_core.shell:Creating package script '/home/dawntildusk/lbot_ws/install/lbot_teleop/share/lbot_teleop/package.bash'
[17.832s] INFO:colcon.colcon_core.shell:Creating package script '/home/dawntildusk/lbot_ws/install/lbot_teleop/share/lbot_teleop/package.zsh'
[17.832s] Level 1:colcon.colcon_core.environment:create_file_with_runtime_dependencies(/home/dawntildusk/lbot_ws/install/lbot_teleop/share/colcon-core/packages/lbot_teleop)
[18.319s] DEBUG:colcon.colcon_core.event_handler.log_command:Invoked command in '/home/dawntildusk/lbot_ws/build/lbot_demo' returned '0': AMENT_PREFIX_PATH=/home/dawntildusk/lbot_ws/install/lbot_arm_interfaces:${AMENT_PREFIX_PATH} CMAKE_PREFIX_PATH=/home/dawntildusk/lbot_ws/install/lbot_arm_interfaces:/opt/ros/jazzy/opt/gz_math_vendor:/opt/ros/jazzy/opt/gz_utils_vendor:/opt/ros/jazzy/opt/gz_cmake_vendor:/opt/ros/jazzy DEBUGINFOD_URLS=https://debuginfod.ubuntu.com LD_LIBRARY_PATH=/home/dawntildusk/lbot_ws/install/lbot_arm_interfaces/lib:${LD_LIBRARY_PATH} PYTHONPATH=/home/dawntildusk/lbot_ws/install/lbot_arm_interfaces/lib/python3.12/site-packages:${PYTHONPATH} /usr/bin/cmake --build /home/dawntildusk/lbot_ws/build/lbot_demo -- -j24 -l24
[18.320s] DEBUG:colcon.colcon_core.event_handler.log_command:Invoking command in '/home/dawntildusk/lbot_ws/build/lbot_demo': AMENT_PREFIX_PATH=/home/dawntildusk/lbot_ws/install/lbot_arm_interfaces:${AMENT_PREFIX_PATH} CMAKE_PREFIX_PATH=/home/dawntildusk/lbot_ws/install/lbot_arm_interfaces:/opt/ros/jazzy/opt/gz_math_vendor:/opt/ros/jazzy/opt/gz_utils_vendor:/opt/ros/jazzy/opt/gz_cmake_vendor:/opt/ros/jazzy DEBUGINFOD_URLS=https://debuginfod.ubuntu.com LD_LIBRARY_PATH=/home/dawntildusk/lbot_ws/install/lbot_arm_interfaces/lib:${LD_LIBRARY_PATH} PYTHONPATH=/home/dawntildusk/lbot_ws/install/lbot_arm_interfaces/lib/python3.12/site-packages:${PYTHONPATH} /usr/bin/cmake --install /home/dawntildusk/lbot_ws/build/lbot_demo
[18.514s] Level 1:colcon.colcon_core.environment:create_environment_scripts_only(lbot_demo)
[18.514s] Level 1:colcon.colcon_core.environment:checking '/home/dawntildusk/lbot_ws/install/lbot_demo' for CMake module files
[18.515s] DEBUG:colcon.colcon_core.event_handler.log_command:Invoked command in '/home/dawntildusk/lbot_ws/build/lbot_demo' returned '0': AMENT_PREFIX_PATH=/home/dawntildusk/lbot_ws/install/lbot_arm_interfaces:${AMENT_PREFIX_PATH} CMAKE_PREFIX_PATH=/home/dawntildusk/lbot_ws/install/lbot_arm_interfaces:/opt/ros/jazzy/opt/gz_math_vendor:/opt/ros/jazzy/opt/gz_utils_vendor:/opt/ros/jazzy/opt/gz_cmake_vendor:/opt/ros/jazzy DEBUGINFOD_URLS=https://debuginfod.ubuntu.com LD_LIBRARY_PATH=/home/dawntildusk/lbot_ws/install/lbot_arm_interfaces/lib:${LD_LIBRARY_PATH} PYTHONPATH=/home/dawntildusk/lbot_ws/install/lbot_arm_interfaces/lib/python3.12/site-packages:${PYTHONPATH} /usr/bin/cmake --install /home/dawntildusk/lbot_ws/build/lbot_demo
[18.515s] Level 1:colcon.colcon_core.environment:checking '/home/dawntildusk/lbot_ws/install/lbot_demo' for CMake config files
[18.515s] Level 1:colcon.colcon_core.shell:create_environment_hook('lbot_demo', 'cmake_prefix_path')
[18.516s] INFO:colcon.colcon_core.shell:Creating environment hook '/home/dawntildusk/lbot_ws/install/lbot_demo/share/lbot_demo/hook/cmake_prefix_path.ps1'
[18.516s] INFO:colcon.colcon_core.shell:Creating environment descriptor '/home/dawntildusk/lbot_ws/install/lbot_demo/share/lbot_demo/hook/cmake_prefix_path.dsv'
[18.516s] INFO:colcon.colcon_core.shell:Creating environment hook '/home/dawntildusk/lbot_ws/install/lbot_demo/share/lbot_demo/hook/cmake_prefix_path.sh'
[18.517s] Level 1:colcon.colcon_core.environment:checking '/home/dawntildusk/lbot_ws/install/lbot_demo/lib'
[18.517s] Level 1:colcon.colcon_core.environment:checking '/home/dawntildusk/lbot_ws/install/lbot_demo/bin'
[18.517s] Level 1:colcon.colcon_core.environment:checking '/home/dawntildusk/lbot_ws/install/lbot_demo/lib/pkgconfig/lbot_demo.pc'
[18.517s] Level 1:colcon.colcon_core.environment:checking '/home/dawntildusk/lbot_ws/install/lbot_demo/lib/python3.12/site-packages'
[18.517s] Level 1:colcon.colcon_core.environment:checking '/home/dawntildusk/lbot_ws/install/lbot_demo/bin'
[18.517s] INFO:colcon.colcon_core.shell:Creating package script '/home/dawntildusk/lbot_ws/install/lbot_demo/share/lbot_demo/package.ps1'
[18.517s] INFO:colcon.colcon_core.shell:Creating package descriptor '/home/dawntildusk/lbot_ws/install/lbot_demo/share/lbot_demo/package.dsv'
[18.518s] INFO:colcon.colcon_core.shell:Creating package script '/home/dawntildusk/lbot_ws/install/lbot_demo/share/lbot_demo/package.sh'
[18.518s] INFO:colcon.colcon_core.shell:Creating package script '/home/dawntildusk/lbot_ws/install/lbot_demo/share/lbot_demo/package.bash'
[18.518s] INFO:colcon.colcon_core.shell:Creating package script '/home/dawntildusk/lbot_ws/install/lbot_demo/share/lbot_demo/package.zsh'
[18.518s] Level 1:colcon.colcon_core.environment:create_file_with_runtime_dependencies(/home/dawntildusk/lbot_ws/install/lbot_demo/share/colcon-core/packages/lbot_demo)
[18.518s] Level 1:colcon.colcon_core.environment:create_environment_scripts_only(lbot_demo)
[18.518s] Level 1:colcon.colcon_core.environment:checking '/home/dawntildusk/lbot_ws/install/lbot_demo' for CMake module files
[18.519s] Level 1:colcon.colcon_core.environment:checking '/home/dawntildusk/lbot_ws/install/lbot_demo' for CMake config files
[18.519s] Level 1:colcon.colcon_core.shell:create_environment_hook('lbot_demo', 'cmake_prefix_path')
[18.519s] INFO:colcon.colcon_core.shell:Creating environment hook '/home/dawntildusk/lbot_ws/install/lbot_demo/share/lbot_demo/hook/cmake_prefix_path.ps1'
[18.519s] INFO:colcon.colcon_core.shell:Creating environment descriptor '/home/dawntildusk/lbot_ws/install/lbot_demo/share/lbot_demo/hook/cmake_prefix_path.dsv'
[18.519s] INFO:colcon.colcon_core.shell:Creating environment hook '/home/dawntildusk/lbot_ws/install/lbot_demo/share/lbot_demo/hook/cmake_prefix_path.sh'
[18.519s] Level 1:colcon.colcon_core.environment:checking '/home/dawntildusk/lbot_ws/install/lbot_demo/lib'
[18.519s] Level 1:colcon.colcon_core.environment:checking '/home/dawntildusk/lbot_ws/install/lbot_demo/bin'
[18.519s] Level 1:colcon.colcon_core.environment:checking '/home/dawntildusk/lbot_ws/install/lbot_demo/lib/pkgconfig/lbot_demo.pc'
[18.519s] Level 1:colcon.colcon_core.environment:checking '/home/dawntildusk/lbot_ws/install/lbot_demo/lib/python3.12/site-packages'
[18.520s] Level 1:colcon.colcon_core.environment:checking '/home/dawntildusk/lbot_ws/install/lbot_demo/bin'
[18.520s] INFO:colcon.colcon_core.shell:Creating package script '/home/dawntildusk/lbot_ws/install/lbot_demo/share/lbot_demo/package.ps1'
[18.520s] INFO:colcon.colcon_core.shell:Creating package descriptor '/home/dawntildusk/lbot_ws/install/lbot_demo/share/lbot_demo/package.dsv'
[18.520s] INFO:colcon.colcon_core.shell:Creating package script '/home/dawntildusk/lbot_ws/install/lbot_demo/share/lbot_demo/package.sh'
[18.520s] INFO:colcon.colcon_core.shell:Creating package script '/home/dawntildusk/lbot_ws/install/lbot_demo/share/lbot_demo/package.bash'
[18.521s] INFO:colcon.colcon_core.shell:Creating package script '/home/dawntildusk/lbot_ws/install/lbot_demo/share/lbot_demo/package.zsh'
[18.521s] Level 1:colcon.colcon_core.environment:create_file_with_runtime_dependencies(/home/dawntildusk/lbot_ws/install/lbot_demo/share/colcon-core/packages/lbot_demo)
[25.546s] DEBUG:colcon.colcon_core.event_handler.log_command:Invoked command in '/home/dawntildusk/lbot_ws/build/lbot_driver' returned '0': AMENT_PREFIX_PATH=/home/dawntildusk/lbot_ws/install/lbot_arm_interfaces:${AMENT_PREFIX_PATH} CMAKE_PREFIX_PATH=/home/dawntildusk/lbot_ws/install/lbot_arm_interfaces:/opt/ros/jazzy/opt/gz_math_vendor:/opt/ros/jazzy/opt/gz_utils_vendor:/opt/ros/jazzy/opt/gz_cmake_vendor:/opt/ros/jazzy DEBUGINFOD_URLS=https://debuginfod.ubuntu.com LD_LIBRARY_PATH=/home/dawntildusk/lbot_ws/install/lbot_arm_interfaces/lib:${LD_LIBRARY_PATH} PYTHONPATH=/home/dawntildusk/lbot_ws/install/lbot_arm_interfaces/lib/python3.12/site-packages:${PYTHONPATH} /usr/bin/cmake --build /home/dawntildusk/lbot_ws/build/lbot_driver -- -j24 -l24
[25.547s] DEBUG:colcon.colcon_core.event_handler.log_command:Invoking command in '/home/dawntildusk/lbot_ws/build/lbot_driver': AMENT_PREFIX_PATH=/home/dawntildusk/lbot_ws/install/lbot_arm_interfaces:${AMENT_PREFIX_PATH} CMAKE_PREFIX_PATH=/home/dawntildusk/lbot_ws/install/lbot_arm_interfaces:/opt/ros/jazzy/opt/gz_math_vendor:/opt/ros/jazzy/opt/gz_utils_vendor:/opt/ros/jazzy/opt/gz_cmake_vendor:/opt/ros/jazzy DEBUGINFOD_URLS=https://debuginfod.ubuntu.com LD_LIBRARY_PATH=/home/dawntildusk/lbot_ws/install/lbot_arm_interfaces/lib:${LD_LIBRARY_PATH} PYTHONPATH=/home/dawntildusk/lbot_ws/install/lbot_arm_interfaces/lib/python3.12/site-packages:${PYTHONPATH} /usr/bin/cmake --install /home/dawntildusk/lbot_ws/build/lbot_driver
[25.828s] Level 1:colcon.colcon_core.environment:create_environment_scripts_only(lbot_driver)
[25.828s] Level 1:colcon.colcon_core.environment:checking '/home/dawntildusk/lbot_ws/install/lbot_driver' for CMake module files
[25.829s] DEBUG:colcon.colcon_core.event_handler.log_command:Invoked command in '/home/dawntildusk/lbot_ws/build/lbot_driver' returned '0': AMENT_PREFIX_PATH=/home/dawntildusk/lbot_ws/install/lbot_arm_interfaces:${AMENT_PREFIX_PATH} CMAKE_PREFIX_PATH=/home/dawntildusk/lbot_ws/install/lbot_arm_interfaces:/opt/ros/jazzy/opt/gz_math_vendor:/opt/ros/jazzy/opt/gz_utils_vendor:/opt/ros/jazzy/opt/gz_cmake_vendor:/opt/ros/jazzy DEBUGINFOD_URLS=https://debuginfod.ubuntu.com LD_LIBRARY_PATH=/home/dawntildusk/lbot_ws/install/lbot_arm_interfaces/lib:${LD_LIBRARY_PATH} PYTHONPATH=/home/dawntildusk/lbot_ws/install/lbot_arm_interfaces/lib/python3.12/site-packages:${PYTHONPATH} /usr/bin/cmake --install /home/dawntildusk/lbot_ws/build/lbot_driver
[25.829s] Level 1:colcon.colcon_core.environment:checking '/home/dawntildusk/lbot_ws/install/lbot_driver' for CMake config files
[25.829s] Level 1:colcon.colcon_core.shell:create_environment_hook('lbot_driver', 'cmake_prefix_path')
[25.829s] INFO:colcon.colcon_core.shell:Creating environment hook '/home/dawntildusk/lbot_ws/install/lbot_driver/share/lbot_driver/hook/cmake_prefix_path.ps1'
[25.829s] INFO:colcon.colcon_core.shell:Creating environment descriptor '/home/dawntildusk/lbot_ws/install/lbot_driver/share/lbot_driver/hook/cmake_prefix_path.dsv'
[25.829s] INFO:colcon.colcon_core.shell:Creating environment hook '/home/dawntildusk/lbot_ws/install/lbot_driver/share/lbot_driver/hook/cmake_prefix_path.sh'
[25.830s] Level 1:colcon.colcon_core.environment:checking '/home/dawntildusk/lbot_ws/install/lbot_driver/lib'
[25.830s] Level 1:colcon.colcon_core.shell:create_environment_hook('lbot_driver', 'ld_library_path_lib')
[25.830s] INFO:colcon.colcon_core.shell:Creating environment hook '/home/dawntildusk/lbot_ws/install/lbot_driver/share/lbot_driver/hook/ld_library_path_lib.ps1'
[25.830s] INFO:colcon.colcon_core.shell:Creating environment descriptor '/home/dawntildusk/lbot_ws/install/lbot_driver/share/lbot_driver/hook/ld_library_path_lib.dsv'
[25.830s] INFO:colcon.colcon_core.shell:Creating environment hook '/home/dawntildusk/lbot_ws/install/lbot_driver/share/lbot_driver/hook/ld_library_path_lib.sh'
[25.830s] Level 1:colcon.colcon_core.environment:checking '/home/dawntildusk/lbot_ws/install/lbot_driver/bin'
[25.830s] Level 1:colcon.colcon_core.environment:checking '/home/dawntildusk/lbot_ws/install/lbot_driver/lib/pkgconfig/lbot_driver.pc'
[25.830s] Level 1:colcon.colcon_core.environment:checking '/home/dawntildusk/lbot_ws/install/lbot_driver/lib/python3.12/site-packages'
[25.830s] Level 1:colcon.colcon_core.environment:checking '/home/dawntildusk/lbot_ws/install/lbot_driver/bin'
[25.831s] INFO:colcon.colcon_core.shell:Creating package script '/home/dawntildusk/lbot_ws/install/lbot_driver/share/lbot_driver/package.ps1'
[25.831s] INFO:colcon.colcon_core.shell:Creating package descriptor '/home/dawntildusk/lbot_ws/install/lbot_driver/share/lbot_driver/package.dsv'
[25.831s] INFO:colcon.colcon_core.shell:Creating package script '/home/dawntildusk/lbot_ws/install/lbot_driver/share/lbot_driver/package.sh'
[25.831s] INFO:colcon.colcon_core.shell:Creating package script '/home/dawntildusk/lbot_ws/install/lbot_driver/share/lbot_driver/package.bash'
[25.831s] INFO:colcon.colcon_core.shell:Creating package script '/home/dawntildusk/lbot_ws/install/lbot_driver/share/lbot_driver/package.zsh'
[25.831s] Level 1:colcon.colcon_core.environment:create_file_with_runtime_dependencies(/home/dawntildusk/lbot_ws/install/lbot_driver/share/colcon-core/packages/lbot_driver)
[25.832s] Level 1:colcon.colcon_core.environment:create_environment_scripts_only(lbot_driver)
[25.832s] Level 1:colcon.colcon_core.environment:checking '/home/dawntildusk/lbot_ws/install/lbot_driver' for CMake module files
[25.832s] Level 1:colcon.colcon_core.environment:checking '/home/dawntildusk/lbot_ws/install/lbot_driver' for CMake config files
[25.832s] Level 1:colcon.colcon_core.shell:create_environment_hook('lbot_driver', 'cmake_prefix_path')
[25.832s] INFO:colcon.colcon_core.shell:Creating environment hook '/home/dawntildusk/lbot_ws/install/lbot_driver/share/lbot_driver/hook/cmake_prefix_path.ps1'
[25.832s] INFO:colcon.colcon_core.shell:Creating environment descriptor '/home/dawntildusk/lbot_ws/install/lbot_driver/share/lbot_driver/hook/cmake_prefix_path.dsv'
[25.832s] INFO:colcon.colcon_core.shell:Creating environment hook '/home/dawntildusk/lbot_ws/install/lbot_driver/share/lbot_driver/hook/cmake_prefix_path.sh'
[25.833s] Level 1:colcon.colcon_core.environment:checking '/home/dawntildusk/lbot_ws/install/lbot_driver/lib'
[25.833s] Level 1:colcon.colcon_core.shell:create_environment_hook('lbot_driver', 'ld_library_path_lib')
[25.833s] INFO:colcon.colcon_core.shell:Creating environment hook '/home/dawntildusk/lbot_ws/install/lbot_driver/share/lbot_driver/hook/ld_library_path_lib.ps1'
[25.833s] INFO:colcon.colcon_core.shell:Creating environment descriptor '/home/dawntildusk/lbot_ws/install/lbot_driver/share/lbot_driver/hook/ld_library_path_lib.dsv'
[25.833s] INFO:colcon.colcon_core.shell:Creating environment hook '/home/dawntildusk/lbot_ws/install/lbot_driver/share/lbot_driver/hook/ld_library_path_lib.sh'
[25.833s] Level 1:colcon.colcon_core.environment:checking '/home/dawntildusk/lbot_ws/install/lbot_driver/bin'
[25.833s] Level 1:colcon.colcon_core.environment:checking '/home/dawntildusk/lbot_ws/install/lbot_driver/lib/pkgconfig/lbot_driver.pc'
[25.833s] Level 1:colcon.colcon_core.environment:checking '/home/dawntildusk/lbot_ws/install/lbot_driver/lib/python3.12/site-packages'
[25.834s] Level 1:colcon.colcon_core.environment:checking '/home/dawntildusk/lbot_ws/install/lbot_driver/bin'
[25.834s] INFO:colcon.colcon_core.shell:Creating package script '/home/dawntildusk/lbot_ws/install/lbot_driver/share/lbot_driver/package.ps1'
[25.834s] INFO:colcon.colcon_core.shell:Creating package descriptor '/home/dawntildusk/lbot_ws/install/lbot_driver/share/lbot_driver/package.dsv'
[25.834s] INFO:colcon.colcon_core.shell:Creating package script '/home/dawntildusk/lbot_ws/install/lbot_driver/share/lbot_driver/package.sh'
[25.834s] INFO:colcon.colcon_core.shell:Creating package script '/home/dawntildusk/lbot_ws/install/lbot_driver/share/lbot_driver/package.bash'
[25.834s] INFO:colcon.colcon_core.shell:Creating package script '/home/dawntildusk/lbot_ws/install/lbot_driver/share/lbot_driver/package.zsh'
[25.835s] Level 1:colcon.colcon_core.environment:create_file_with_runtime_dependencies(/home/dawntildusk/lbot_ws/install/lbot_driver/share/colcon-core/packages/lbot_driver)
[25.835s] DEBUG:colcon.colcon_parallel_executor.executor.parallel:closing loop
[25.835s] DEBUG:colcon.colcon_parallel_executor.executor.parallel:loop closed
[25.835s] DEBUG:colcon.colcon_parallel_executor.executor.parallel:run_until_complete finished with '0'
[25.835s] DEBUG:colcon.colcon_core.event_reactor:joining thread
[25.838s] INFO:colcon.colcon_core.plugin_system:Skipping extension 'colcon_notification.desktop_notification.terminal_notifier': Not used on non-Darwin systems
[25.838s] INFO:colcon.colcon_core.plugin_system:Skipping extension 'colcon_notification.desktop_notification.win32': Not used on non-Windows systems
[25.838s] INFO:colcon.colcon_notification.desktop_notification:Sending desktop notification using 'notify2'
[25.856s] DEBUG:colcon.colcon_core.event_reactor:joined thread
[25.856s] INFO:colcon.colcon_core.shell:Creating prefix script '/home/dawntildusk/lbot_ws/install/local_setup.ps1'
[25.858s] INFO:colcon.colcon_core.shell:Creating prefix util module '/home/dawntildusk/lbot_ws/install/_local_setup_util_ps1.py'
[25.859s] INFO:colcon.colcon_core.shell:Creating prefix chain script '/home/dawntildusk/lbot_ws/install/setup.ps1'
[25.860s] INFO:colcon.colcon_core.shell:Creating prefix script '/home/dawntildusk/lbot_ws/install/local_setup.sh'
[25.861s] INFO:colcon.colcon_core.shell:Creating prefix util module '/home/dawntildusk/lbot_ws/install/_local_setup_util_sh.py'
[25.861s] INFO:colcon.colcon_core.shell:Creating prefix chain script '/home/dawntildusk/lbot_ws/install/setup.sh'
[25.862s] INFO:colcon.colcon_core.shell:Creating prefix script '/home/dawntildusk/lbot_ws/install/local_setup.bash'
[25.863s] INFO:colcon.colcon_core.shell:Creating prefix chain script '/home/dawntildusk/lbot_ws/install/setup.bash'
[25.864s] INFO:colcon.colcon_core.shell:Creating prefix script '/home/dawntildusk/lbot_ws/install/local_setup.zsh'
[25.864s] INFO:colcon.colcon_core.shell:Creating prefix chain script '/home/dawntildusk/lbot_ws/install/setup.zsh'
