-- The C compiler identification is GNU 13.3.0
-- The CXX compiler identification is GNU 13.3.0
-- Detecting C compiler ABI info
-- Detecting C compiler ABI info - done
-- Check for working C compiler: /usr/bin/cc - skipped
-- Detecting C compile features
-- Detecting C compile features - done
-- Detecting CXX compiler ABI info
-- Detecting CXX compiler ABI info - done
-- Check for working CXX compiler: /usr/bin/c++ - skipped
-- Detecting CXX compile features
-- Detecting CXX compile features - done
-- Found ament_cmake: 2.5.6 (/opt/ros/jazzy/share/ament_cmake/cmake)
-- Found Python3: /usr/bin/python3 (found version "3.12.3") found components: Interpreter 
-- Override CMake install command with custom implementation using symlinks instead of copying resources
-- Found rclcpp: 28.1.21 (/opt/ros/jazzy/share/rclcpp/cmake)
-- Found rosidl_generator_c: 4.6.9 (/opt/ros/jazzy/share/rosidl_generator_c/cmake)
-- Found rosidl_generator_cpp: 4.6.9 (/opt/ros/jazzy/share/rosidl_generator_cpp/cmake)
-- Using all available rosidl_typesupport_c: rosidl_typesupport_fastrtps_c;rosidl_typesupport_introspection_c
-- Using all available rosidl_typesupport_cpp: rosidl_typesupport_fastrtps_cpp;rosidl_typesupport_introspection_cpp
-- Found rmw_implementation_cmake: 7.3.3 (/opt/ros/jazzy/share/rmw_implementation_cmake/cmake)
-- Found rmw_fastrtps_cpp: 8.4.4 (/opt/ros/jazzy/share/rmw_fastrtps_cpp/cmake)
-- Found OpenSSL: /usr/lib/x86_64-linux-gnu/libcrypto.so (found version "3.0.13")  
-- Found FastRTPS: /opt/ros/jazzy/include (Required is at least version "2.13") 
-- Using RMW implementation 'rmw_fastrtps_cpp' as default
-- Found std_msgs: 5.3.8 (/opt/ros/jazzy/share/std_msgs/cmake)
-- Found std_srvs: 5.3.8 (/opt/ros/jazzy/share/std_srvs/cmake)
-- Found sensor_msgs: 5.3.8 (/opt/ros/jazzy/share/sensor_msgs/cmake)
-- Found tf2: 0.36.21 (/opt/ros/jazzy/share/tf2/cmake)
-- Found tf2_geometry_msgs: 0.36.21 (/opt/ros/jazzy/share/tf2_geometry_msgs/cmake)
-- Found eigen3_cmake_module: 0.3.1 (/opt/ros/jazzy/share/eigen3_cmake_module/cmake)
-- Found Eigen3: TRUE (found version "3.4.0") 
-- Ensuring Eigen3 include directory is part of orocos-kdl CMake target
-- Found lbot_arm_interfaces: 0.0.0 (/home/dawntildusk/lbot_ws/install/lbot_arm_interfaces/share/lbot_arm_interfaces/cmake)
-- Found ament_lint_auto: 0.17.5 (/opt/ros/jazzy/share/ament_lint_auto/cmake)
-- Added test 'cppcheck' to perform static code analysis on C / C++ code
-- Configured cppcheck include dirs: /home/dawntildusk/lbot_ws/src/lbot_demo/include;/home/dawntildusk/lbot_ws/src/lbot_demo/include/lbot_demo
-- Configured cppcheck exclude dirs and/or files: 
-- Added test 'flake8' to check Python code syntax and style conventions
-- Configured 'flake8' exclude dirs and/or files: 
-- Added test 'lint_cmake' to check CMake code style
-- Added test 'pep257' to check Python code against some of the docstring style conventions in PEP 257
-- Added test 'uncrustify' to check C / C++ code style
-- Configured uncrustify additional arguments: 
-- Added test 'xmllint' to check XML markup files
-- Configuring done (0.8s)
-- Generating done (0.0s)
-- Build files have been written to: /home/dawntildusk/lbot_ws/build/lbot_demo
[  6%] [32mBuilding CXX object CMakeFiles/demo_lkrs_movejp.dir/src/demo_lkrs_movejp.cpp.o[0m
[  6%] [32mBuilding CXX object CMakeFiles/demo_lkls_i1_movej.dir/src/demo_lkls_i1_movej.cpp.o[0m
[ 10%] [32mBuilding CXX object CMakeFiles/demo_lkls_movejp.dir/src/demo_lkls_movejp.cpp.o[0m
[ 16%] [32mBuilding CXX object CMakeFiles/demo_lkls_i1_movejp.dir/src/demo_lkls_i1_movejp.cpp.o[0m
[ 16%] [32mBuilding CXX object CMakeFiles/demo_ik.dir/src/demo_ik.cpp.o[0m
[ 20%] [32mBuilding CXX object CMakeFiles/demo_lkls_i1_movel.dir/src/demo_lkls_i1_movel.cpp.o[0m
[ 23%] [32mBuilding CXX object CMakeFiles/demo_lkls_movel.dir/src/demo_lkls_movel.cpp.o[0m
[ 30%] [32mBuilding CXX object CMakeFiles/demo_emergency_enable.dir/src/demo_emergency_enable.cpp.o[0m
[ 30%] [32mBuilding CXX object CMakeFiles/demo_lkrs_movej.dir/src/demo_lkrs_movej.cpp.o[0m
[ 33%] [32mBuilding CXX object CMakeFiles/demo_lkls_movej.dir/src/demo_lkls_movej.cpp.o[0m
[ 36%] [32mBuilding CXX object CMakeFiles/demo_fk.dir/src/demo_fk.cpp.o[0m
[ 40%] [32mBuilding CXX object CMakeFiles/demo_tool_frame.dir/src/demo_tool_frame.cpp.o[0m
[ 43%] [32mBuilding CXX object CMakeFiles/demo_hand_l6_control.dir/src/demo_hand_l6_control.cpp.o[0m
[ 46%] [32mBuilding CXX object CMakeFiles/demo_hand_l10_control.dir/src/demo_hand_l10_control.cpp.o[0m
[ 50%] [32mBuilding CXX object CMakeFiles/demo_lkrs_movel.dir/src/demo_lkrs_movel.cpp.o[0m
[ 53%] [32m[1mLinking CXX executable demo_lkls_i1_movejp[0m
[ 56%] [32m[1mLinking CXX executable demo_lkls_i1_movej[0m
[ 60%] [32m[1mLinking CXX executable demo_ik[0m
[ 60%] Built target demo_lkls_i1_movejp
[ 60%] Built target demo_lkls_i1_movej
[ 60%] Built target demo_ik
[ 63%] [32m[1mLinking CXX executable demo_lkrs_movejp[0m
[ 63%] Built target demo_lkrs_movejp
[ 66%] [32m[1mLinking CXX executable demo_lkrs_movel[0m
[ 70%] [32m[1mLinking CXX executable demo_lkls_i1_movel[0m
[ 70%] Built target demo_lkrs_movel
[ 70%] Built target demo_lkls_i1_movel
[ 73%] [32m[1mLinking CXX executable demo_lkls_movejp[0m
[ 76%] [32m[1mLinking CXX executable demo_fk[0m
[ 76%] Built target demo_lkls_movejp
[ 76%] Built target demo_fk
[ 80%] [32m[1mLinking CXX executable demo_emergency_enable[0m
[ 83%] [32m[1mLinking CXX executable demo_lkrs_movej[0m
[ 83%] Built target demo_emergency_enable
[ 86%] [32m[1mLinking CXX executable demo_lkls_movej[0m
[ 86%] Built target demo_lkrs_movej
[ 90%] [32m[1mLinking CXX executable demo_hand_l6_control[0m
[ 90%] Built target demo_lkls_movej
[ 90%] Built target demo_hand_l6_control
[ 93%] [32m[1mLinking CXX executable demo_lkls_movel[0m
[ 93%] Built target demo_lkls_movel
[ 96%] [32m[1mLinking CXX executable demo_hand_l10_control[0m
[ 96%] Built target demo_hand_l10_control
[100%] [32m[1mLinking CXX executable demo_tool_frame[0m
[100%] Built target demo_tool_frame
-- Install configuration: ""
-- Execute custom install script
-- Symlinking: /home/dawntildusk/lbot_ws/install/lbot_demo/lib/lbot_demo/demo_lkrs_movel
-- Symlinking: /home/dawntildusk/lbot_ws/install/lbot_demo/lib/lbot_demo/demo_lkrs_movej
-- Symlinking: /home/dawntildusk/lbot_ws/install/lbot_demo/lib/lbot_demo/demo_lkrs_movejp
-- Symlinking: /home/dawntildusk/lbot_ws/install/lbot_demo/lib/lbot_demo/demo_lkls_movel
-- Symlinking: /home/dawntildusk/lbot_ws/install/lbot_demo/lib/lbot_demo/demo_lkls_movej
-- Symlinking: /home/dawntildusk/lbot_ws/install/lbot_demo/lib/lbot_demo/demo_lkls_movejp
-- Symlinking: /home/dawntildusk/lbot_ws/install/lbot_demo/lib/lbot_demo/demo_lkls_i1_movel
-- Symlinking: /home/dawntildusk/lbot_ws/install/lbot_demo/lib/lbot_demo/demo_lkls_i1_movej
-- Symlinking: /home/dawntildusk/lbot_ws/install/lbot_demo/lib/lbot_demo/demo_lkls_i1_movejp
-- Symlinking: /home/dawntildusk/lbot_ws/install/lbot_demo/lib/lbot_demo/demo_fk
-- Symlinking: /home/dawntildusk/lbot_ws/install/lbot_demo/lib/lbot_demo/demo_ik
-- Symlinking: /home/dawntildusk/lbot_ws/install/lbot_demo/lib/lbot_demo/demo_tool_frame
-- Symlinking: /home/dawntildusk/lbot_ws/install/lbot_demo/lib/lbot_demo/demo_emergency_enable
-- Symlinking: /home/dawntildusk/lbot_ws/install/lbot_demo/lib/lbot_demo/demo_hand_l6_control
-- Symlinking: /home/dawntildusk/lbot_ws/install/lbot_demo/lib/lbot_demo/demo_hand_l10_control
-- Symlinking: /home/dawntildusk/lbot_ws/install/lbot_demo/share/lbot_demo/launch/lbot_start_demo.launch.py
-- Symlinking: /home/dawntildusk/lbot_ws/install/lbot_demo/share/ament_index/resource_index/package_run_dependencies/lbot_demo
-- Symlinking: /home/dawntildusk/lbot_ws/install/lbot_demo/share/ament_index/resource_index/parent_prefix_path/lbot_demo
-- Symlinking: /home/dawntildusk/lbot_ws/install/lbot_demo/share/lbot_demo/environment/ament_prefix_path.sh
-- Symlinking: /home/dawntildusk/lbot_ws/install/lbot_demo/share/lbot_demo/environment/ament_prefix_path.dsv
-- Symlinking: /home/dawntildusk/lbot_ws/install/lbot_demo/share/lbot_demo/environment/path.sh
-- Symlinking: /home/dawntildusk/lbot_ws/install/lbot_demo/share/lbot_demo/environment/path.dsv
-- Symlinking: /home/dawntildusk/lbot_ws/install/lbot_demo/share/lbot_demo/local_setup.bash
-- Symlinking: /home/dawntildusk/lbot_ws/install/lbot_demo/share/lbot_demo/local_setup.sh
-- Symlinking: /home/dawntildusk/lbot_ws/install/lbot_demo/share/lbot_demo/local_setup.zsh
-- Symlinking: /home/dawntildusk/lbot_ws/install/lbot_demo/share/lbot_demo/local_setup.dsv
-- Symlinking: /home/dawntildusk/lbot_ws/install/lbot_demo/share/lbot_demo/package.dsv
-- Symlinking: /home/dawntildusk/lbot_ws/install/lbot_demo/share/ament_index/resource_index/packages/lbot_demo
-- Symlinking: /home/dawntildusk/lbot_ws/install/lbot_demo/share/lbot_demo/cmake/lbot_demoConfig.cmake
-- Symlinking: /home/dawntildusk/lbot_ws/install/lbot_demo/share/lbot_demo/cmake/lbot_demoConfig-version.cmake
-- Symlinking: /home/dawntildusk/lbot_ws/install/lbot_demo/share/lbot_demo/package.xml
