[0.006s] Invoking command in '/home/dawntildusk/lbot_ws/build/lbot_demo': AMENT_PREFIX_PATH=/home/dawntildusk/lbot_ws/install/lbot_arm_interfaces:${AMENT_PREFIX_PATH} CMAKE_PREFIX_PATH=/home/dawntildusk/lbot_ws/install/lbot_arm_interfaces:/opt/ros/jazzy/opt/gz_math_vendor:/opt/ros/jazzy/opt/gz_utils_vendor:/opt/ros/jazzy/opt/gz_cmake_vendor:/opt/ros/jazzy DEBUGINFOD_URLS=https://debuginfod.ubuntu.com LD_LIBRARY_PATH=/home/dawntildusk/lbot_ws/install/lbot_arm_interfaces/lib:${LD_LIBRARY_PATH} PYTHONPATH=/home/dawntildusk/lbot_ws/install/lbot_arm_interfaces/lib/python3.12/site-packages:${PYTHONPATH} /usr/bin/cmake /home/dawntildusk/lbot_ws/src/lbot_demo -DPython3_EXECUTABLE=/usr/bin/python3 -DAMENT_CMAKE_SYMLINK_INSTALL=1 -DCMAKE_INSTALL_PREFIX=/home/dawntildusk/lbot_ws/install/lbot_demo
[0.046s] -- The C compiler identification is GNU 13.3.0
[0.076s] -- The CXX compiler identification is GNU 13.3.0
[0.087s] -- Detecting C compiler ABI info
[0.143s] -- Detecting C compiler ABI info - done
[0.148s] -- Check for working C compiler: /usr/bin/cc - skipped
[0.149s] -- Detecting C compile features
[0.149s] -- Detecting C compile features - done
[0.155s] -- Detecting CXX compiler ABI info
[0.219s] -- Detecting CXX compiler ABI info - done
[0.224s] -- Check for working CXX compiler: /usr/bin/c++ - skipped
[0.224s] -- Detecting CXX compile features
[0.224s] -- Detecting CXX compile features - done
[0.226s] -- Found ament_cmake: 2.5.6 (/opt/ros/jazzy/share/ament_cmake/cmake)
[0.316s] -- Found Python3: /usr/bin/python3 (found version "3.12.3") found components: Interpreter 
[0.360s] -- Override CMake install command with custom implementation using symlinks instead of copying resources
[0.374s] -- Found rclcpp: 28.1.21 (/opt/ros/jazzy/share/rclcpp/cmake)
[0.397s] -- Found rosidl_generator_c: 4.6.9 (/opt/ros/jazzy/share/rosidl_generator_c/cmake)
[0.404s] -- Found rosidl_generator_cpp: 4.6.9 (/opt/ros/jazzy/share/rosidl_generator_cpp/cmake)
[0.412s] -- Using all available rosidl_typesupport_c: rosidl_typesupport_fastrtps_c;rosidl_typesupport_introspection_c
[0.421s] -- Using all available rosidl_typesupport_cpp: rosidl_typesupport_fastrtps_cpp;rosidl_typesupport_introspection_cpp
[0.463s] -- Found rmw_implementation_cmake: 7.3.3 (/opt/ros/jazzy/share/rmw_implementation_cmake/cmake)
[0.464s] -- Found rmw_fastrtps_cpp: 8.4.4 (/opt/ros/jazzy/share/rmw_fastrtps_cpp/cmake)
[0.515s] -- Found OpenSSL: /usr/lib/x86_64-linux-gnu/libcrypto.so (found version "3.0.13")  
[0.532s] -- Found FastRTPS: /opt/ros/jazzy/include (Required is at least version "2.13") 
[0.552s] -- Using RMW implementation 'rmw_fastrtps_cpp' as default
[0.597s] -- Found std_msgs: 5.3.8 (/opt/ros/jazzy/share/std_msgs/cmake)
[0.606s] -- Found std_srvs: 5.3.8 (/opt/ros/jazzy/share/std_srvs/cmake)
[0.616s] -- Found sensor_msgs: 5.3.8 (/opt/ros/jazzy/share/sensor_msgs/cmake)
[0.640s] -- Found tf2: 0.36.21 (/opt/ros/jazzy/share/tf2/cmake)
[0.643s] -- Found tf2_geometry_msgs: 0.36.21 (/opt/ros/jazzy/share/tf2_geometry_msgs/cmake)
[0.650s] -- Found eigen3_cmake_module: 0.3.1 (/opt/ros/jazzy/share/eigen3_cmake_module/cmake)
[0.651s] -- Found Eigen3: TRUE (found version "3.4.0") 
[0.651s] -- Ensuring Eigen3 include directory is part of orocos-kdl CMake target
[0.725s] -- Found lbot_arm_interfaces: 0.0.0 (/home/dawntildusk/lbot_ws/install/lbot_arm_interfaces/share/lbot_arm_interfaces/cmake)
[0.751s] -- Found ament_lint_auto: 0.17.5 (/opt/ros/jazzy/share/ament_lint_auto/cmake)
[0.821s] -- Added test 'cppcheck' to perform static code analysis on C / C++ code
[0.822s] -- Configured cppcheck include dirs: /home/dawntildusk/lbot_ws/src/lbot_demo/include;/home/dawntildusk/lbot_ws/src/lbot_demo/include/lbot_demo
[0.822s] -- Configured cppcheck exclude dirs and/or files: 
[0.822s] -- Added test 'flake8' to check Python code syntax and style conventions
[0.822s] -- Configured 'flake8' exclude dirs and/or files: 
[0.823s] -- Added test 'lint_cmake' to check CMake code style
[0.823s] -- Added test 'pep257' to check Python code against some of the docstring style conventions in PEP 257
[0.823s] -- Added test 'uncrustify' to check C / C++ code style
[0.823s] -- Configured uncrustify additional arguments: 
[0.824s] -- Added test 'xmllint' to check XML markup files
[0.825s] -- Configuring done (0.8s)
[0.859s] -- Generating done (0.0s)
[0.871s] -- Build files have been written to: /home/dawntildusk/lbot_ws/build/lbot_demo
[0.878s] Invoked command in '/home/dawntildusk/lbot_ws/build/lbot_demo' returned '0': AMENT_PREFIX_PATH=/home/dawntildusk/lbot_ws/install/lbot_arm_interfaces:${AMENT_PREFIX_PATH} CMAKE_PREFIX_PATH=/home/dawntildusk/lbot_ws/install/lbot_arm_interfaces:/opt/ros/jazzy/opt/gz_math_vendor:/opt/ros/jazzy/opt/gz_utils_vendor:/opt/ros/jazzy/opt/gz_cmake_vendor:/opt/ros/jazzy DEBUGINFOD_URLS=https://debuginfod.ubuntu.com LD_LIBRARY_PATH=/home/dawntildusk/lbot_ws/install/lbot_arm_interfaces/lib:${LD_LIBRARY_PATH} PYTHONPATH=/home/dawntildusk/lbot_ws/install/lbot_arm_interfaces/lib/python3.12/site-packages:${PYTHONPATH} /usr/bin/cmake /home/dawntildusk/lbot_ws/src/lbot_demo -DPython3_EXECUTABLE=/usr/bin/python3 -DAMENT_CMAKE_SYMLINK_INSTALL=1 -DCMAKE_INSTALL_PREFIX=/home/dawntildusk/lbot_ws/install/lbot_demo
[0.879s] Invoking command in '/home/dawntildusk/lbot_ws/build/lbot_demo': AMENT_PREFIX_PATH=/home/dawntildusk/lbot_ws/install/lbot_arm_interfaces:${AMENT_PREFIX_PATH} CMAKE_PREFIX_PATH=/home/dawntildusk/lbot_ws/install/lbot_arm_interfaces:/opt/ros/jazzy/opt/gz_math_vendor:/opt/ros/jazzy/opt/gz_utils_vendor:/opt/ros/jazzy/opt/gz_cmake_vendor:/opt/ros/jazzy DEBUGINFOD_URLS=https://debuginfod.ubuntu.com LD_LIBRARY_PATH=/home/dawntildusk/lbot_ws/install/lbot_arm_interfaces/lib:${LD_LIBRARY_PATH} PYTHONPATH=/home/dawntildusk/lbot_ws/install/lbot_arm_interfaces/lib/python3.12/site-packages:${PYTHONPATH} /usr/bin/cmake --build /home/dawntildusk/lbot_ws/build/lbot_demo -- -j24 -l24
[0.915s] [  6%] [32mBuilding CXX object CMakeFiles/demo_lkrs_movejp.dir/src/demo_lkrs_movejp.cpp.o[0m
[0.915s] [  6%] [32mBuilding CXX object CMakeFiles/demo_lkls_i1_movej.dir/src/demo_lkls_i1_movej.cpp.o[0m
[0.916s] [ 10%] [32mBuilding CXX object CMakeFiles/demo_lkls_movejp.dir/src/demo_lkls_movejp.cpp.o[0m
[0.916s] [ 16%] [32mBuilding CXX object CMakeFiles/demo_lkls_i1_movejp.dir/src/demo_lkls_i1_movejp.cpp.o[0m
[0.916s] [ 16%] [32mBuilding CXX object CMakeFiles/demo_ik.dir/src/demo_ik.cpp.o[0m
[0.917s] [ 20%] [32mBuilding CXX object CMakeFiles/demo_lkls_i1_movel.dir/src/demo_lkls_i1_movel.cpp.o[0m
[0.917s] [ 23%] [32mBuilding CXX object CMakeFiles/demo_lkls_movel.dir/src/demo_lkls_movel.cpp.o[0m
[0.917s] [ 30%] [32mBuilding CXX object CMakeFiles/demo_emergency_enable.dir/src/demo_emergency_enable.cpp.o[0m
[0.917s] [ 30%] [32mBuilding CXX object CMakeFiles/demo_lkrs_movej.dir/src/demo_lkrs_movej.cpp.o[0m
[0.917s] [ 33%] [32mBuilding CXX object CMakeFiles/demo_lkls_movej.dir/src/demo_lkls_movej.cpp.o[0m
[0.918s] [ 36%] [32mBuilding CXX object CMakeFiles/demo_fk.dir/src/demo_fk.cpp.o[0m
[0.918s] [ 40%] [32mBuilding CXX object CMakeFiles/demo_tool_frame.dir/src/demo_tool_frame.cpp.o[0m
[0.918s] [ 43%] [32mBuilding CXX object CMakeFiles/demo_hand_l6_control.dir/src/demo_hand_l6_control.cpp.o[0m
[0.920s] [ 46%] [32mBuilding CXX object CMakeFiles/demo_hand_l10_control.dir/src/demo_hand_l10_control.cpp.o[0m
[0.923s] [ 50%] [32mBuilding CXX object CMakeFiles/demo_lkrs_movel.dir/src/demo_lkrs_movel.cpp.o[0m
[3.469s] [ 53%] [32m[1mLinking CXX executable demo_lkls_i1_movejp[0m
[3.501s] [ 56%] [32m[1mLinking CXX executable demo_lkls_i1_movej[0m
[3.584s] [ 60%] [32m[1mLinking CXX executable demo_ik[0m
[3.615s] [ 60%] Built target demo_lkls_i1_movejp
[3.641s] [ 60%] Built target demo_lkls_i1_movej
[3.715s] [ 60%] Built target demo_ik
[3.739s] [ 63%] [32m[1mLinking CXX executable demo_lkrs_movejp[0m
[3.857s] [ 63%] Built target demo_lkrs_movejp
[4.055s] [ 66%] [32m[1mLinking CXX executable demo_lkrs_movel[0m
[4.056s] [ 70%] [32m[1mLinking CXX executable demo_lkls_i1_movel[0m
[4.184s] [ 70%] Built target demo_lkrs_movel
[4.213s] [ 70%] Built target demo_lkls_i1_movel
[4.333s] [ 73%] [32m[1mLinking CXX executable demo_lkls_movejp[0m
[4.395s] [ 76%] [32m[1mLinking CXX executable demo_fk[0m
[4.456s] [ 76%] Built target demo_lkls_movejp
[4.514s] [ 76%] Built target demo_fk
[4.599s] [ 80%] [32m[1mLinking CXX executable demo_emergency_enable[0m
[4.658s] [ 83%] [32m[1mLinking CXX executable demo_lkrs_movej[0m
[4.735s] [ 83%] Built target demo_emergency_enable
[4.781s] [ 86%] [32m[1mLinking CXX executable demo_lkls_movej[0m
[4.786s] [ 86%] Built target demo_lkrs_movej
[4.796s] [ 90%] [32m[1mLinking CXX executable demo_hand_l6_control[0m
[4.904s] [ 90%] Built target demo_lkls_movej
[4.920s] [ 90%] Built target demo_hand_l6_control
[5.095s] [ 93%] [32m[1mLinking CXX executable demo_lkls_movel[0m
[5.208s] [ 93%] Built target demo_lkls_movel
[5.284s] [ 96%] [32m[1mLinking CXX executable demo_hand_l10_control[0m
[5.392s] [ 96%] Built target demo_hand_l10_control
[6.398s] [100%] [32m[1mLinking CXX executable demo_tool_frame[0m
[6.543s] [100%] Built target demo_tool_frame
[6.553s] Invoked command in '/home/dawntildusk/lbot_ws/build/lbot_demo' returned '0': AMENT_PREFIX_PATH=/home/dawntildusk/lbot_ws/install/lbot_arm_interfaces:${AMENT_PREFIX_PATH} CMAKE_PREFIX_PATH=/home/dawntildusk/lbot_ws/install/lbot_arm_interfaces:/opt/ros/jazzy/opt/gz_math_vendor:/opt/ros/jazzy/opt/gz_utils_vendor:/opt/ros/jazzy/opt/gz_cmake_vendor:/opt/ros/jazzy DEBUGINFOD_URLS=https://debuginfod.ubuntu.com LD_LIBRARY_PATH=/home/dawntildusk/lbot_ws/install/lbot_arm_interfaces/lib:${LD_LIBRARY_PATH} PYTHONPATH=/home/dawntildusk/lbot_ws/install/lbot_arm_interfaces/lib/python3.12/site-packages:${PYTHONPATH} /usr/bin/cmake --build /home/dawntildusk/lbot_ws/build/lbot_demo -- -j24 -l24
[6.554s] Invoking command in '/home/dawntildusk/lbot_ws/build/lbot_demo': AMENT_PREFIX_PATH=/home/dawntildusk/lbot_ws/install/lbot_arm_interfaces:${AMENT_PREFIX_PATH} CMAKE_PREFIX_PATH=/home/dawntildusk/lbot_ws/install/lbot_arm_interfaces:/opt/ros/jazzy/opt/gz_math_vendor:/opt/ros/jazzy/opt/gz_utils_vendor:/opt/ros/jazzy/opt/gz_cmake_vendor:/opt/ros/jazzy DEBUGINFOD_URLS=https://debuginfod.ubuntu.com LD_LIBRARY_PATH=/home/dawntildusk/lbot_ws/install/lbot_arm_interfaces/lib:${LD_LIBRARY_PATH} PYTHONPATH=/home/dawntildusk/lbot_ws/install/lbot_arm_interfaces/lib/python3.12/site-packages:${PYTHONPATH} /usr/bin/cmake --install /home/dawntildusk/lbot_ws/build/lbot_demo
[6.561s] -- Install configuration: ""
[6.561s] -- Execute custom install script
[6.561s] -- Symlinking: /home/dawntildusk/lbot_ws/install/lbot_demo/lib/lbot_demo/demo_lkrs_movel
[6.568s] -- Symlinking: /home/dawntildusk/lbot_ws/install/lbot_demo/lib/lbot_demo/demo_lkrs_movej
[6.574s] -- Symlinking: /home/dawntildusk/lbot_ws/install/lbot_demo/lib/lbot_demo/demo_lkrs_movejp
[6.581s] -- Symlinking: /home/dawntildusk/lbot_ws/install/lbot_demo/lib/lbot_demo/demo_lkls_movel
[6.586s] -- Symlinking: /home/dawntildusk/lbot_ws/install/lbot_demo/lib/lbot_demo/demo_lkls_movej
[6.592s] -- Symlinking: /home/dawntildusk/lbot_ws/install/lbot_demo/lib/lbot_demo/demo_lkls_movejp
[6.599s] -- Symlinking: /home/dawntildusk/lbot_ws/install/lbot_demo/lib/lbot_demo/demo_lkls_i1_movel
[6.606s] -- Symlinking: /home/dawntildusk/lbot_ws/install/lbot_demo/lib/lbot_demo/demo_lkls_i1_movej
[6.611s] -- Symlinking: /home/dawntildusk/lbot_ws/install/lbot_demo/lib/lbot_demo/demo_lkls_i1_movejp
[6.616s] -- Symlinking: /home/dawntildusk/lbot_ws/install/lbot_demo/lib/lbot_demo/demo_fk
[6.623s] -- Symlinking: /home/dawntildusk/lbot_ws/install/lbot_demo/lib/lbot_demo/demo_ik
[6.630s] -- Symlinking: /home/dawntildusk/lbot_ws/install/lbot_demo/lib/lbot_demo/demo_tool_frame
[6.635s] -- Symlinking: /home/dawntildusk/lbot_ws/install/lbot_demo/lib/lbot_demo/demo_emergency_enable
[6.641s] -- Symlinking: /home/dawntildusk/lbot_ws/install/lbot_demo/lib/lbot_demo/demo_hand_l6_control
[6.648s] -- Symlinking: /home/dawntildusk/lbot_ws/install/lbot_demo/lib/lbot_demo/demo_hand_l10_control
[6.654s] -- Symlinking: /home/dawntildusk/lbot_ws/install/lbot_demo/share/lbot_demo/launch/lbot_start_demo.launch.py
[6.659s] -- Symlinking: /home/dawntildusk/lbot_ws/install/lbot_demo/share/ament_index/resource_index/package_run_dependencies/lbot_demo
[6.665s] -- Symlinking: /home/dawntildusk/lbot_ws/install/lbot_demo/share/ament_index/resource_index/parent_prefix_path/lbot_demo
[6.671s] -- Symlinking: /home/dawntildusk/lbot_ws/install/lbot_demo/share/lbot_demo/environment/ament_prefix_path.sh
[6.678s] -- Symlinking: /home/dawntildusk/lbot_ws/install/lbot_demo/share/lbot_demo/environment/ament_prefix_path.dsv
[6.683s] -- Symlinking: /home/dawntildusk/lbot_ws/install/lbot_demo/share/lbot_demo/environment/path.sh
[6.688s] -- Symlinking: /home/dawntildusk/lbot_ws/install/lbot_demo/share/lbot_demo/environment/path.dsv
[6.694s] -- Symlinking: /home/dawntildusk/lbot_ws/install/lbot_demo/share/lbot_demo/local_setup.bash
[6.700s] -- Symlinking: /home/dawntildusk/lbot_ws/install/lbot_demo/share/lbot_demo/local_setup.sh
[6.706s] -- Symlinking: /home/dawntildusk/lbot_ws/install/lbot_demo/share/lbot_demo/local_setup.zsh
[6.712s] -- Symlinking: /home/dawntildusk/lbot_ws/install/lbot_demo/share/lbot_demo/local_setup.dsv
[6.717s] -- Symlinking: /home/dawntildusk/lbot_ws/install/lbot_demo/share/lbot_demo/package.dsv
[6.723s] -- Symlinking: /home/dawntildusk/lbot_ws/install/lbot_demo/share/ament_index/resource_index/packages/lbot_demo
[6.729s] -- Symlinking: /home/dawntildusk/lbot_ws/install/lbot_demo/share/lbot_demo/cmake/lbot_demoConfig.cmake
[6.735s] -- Symlinking: /home/dawntildusk/lbot_ws/install/lbot_demo/share/lbot_demo/cmake/lbot_demoConfig-version.cmake
[6.741s] -- Symlinking: /home/dawntildusk/lbot_ws/install/lbot_demo/share/lbot_demo/package.xml
[6.749s] Invoked command in '/home/dawntildusk/lbot_ws/build/lbot_demo' returned '0': AMENT_PREFIX_PATH=/home/dawntildusk/lbot_ws/install/lbot_arm_interfaces:${AMENT_PREFIX_PATH} CMAKE_PREFIX_PATH=/home/dawntildusk/lbot_ws/install/lbot_arm_interfaces:/opt/ros/jazzy/opt/gz_math_vendor:/opt/ros/jazzy/opt/gz_utils_vendor:/opt/ros/jazzy/opt/gz_cmake_vendor:/opt/ros/jazzy DEBUGINFOD_URLS=https://debuginfod.ubuntu.com LD_LIBRARY_PATH=/home/dawntildusk/lbot_ws/install/lbot_arm_interfaces/lib:${LD_LIBRARY_PATH} PYTHONPATH=/home/dawntildusk/lbot_ws/install/lbot_arm_interfaces/lib/python3.12/site-packages:${PYTHONPATH} /usr/bin/cmake --install /home/dawntildusk/lbot_ws/build/lbot_demo
